[     0.1s] ESP-ROM:esp32s3-20210327
[     0.1s] Build:Mar 27 2021
[     0.1s] rst:0x1 (POWERON),boot:0x4 (SPI_FLASH_BOOT)
[     0.1s] SPIWP:0xee
[     0.1s] mode:DIO, clock div:1
[     0.1s] load:0x3fce2820,len:0xd64
[     0.1s] load:0x403c8700,len:0xb14
[     0.1s] load:0x403cb700,len:0x2cac
[     0.1s] entry 0x403c8894
[     0.2s] W (166) rtcinit: o_code calibration fail
[     0.2s] 
[     0.2s] I (87) esp_psram: Found 8MB PSRAM device
[     0.2s] I (87) esp_psram: Speed: 80MHz
[     0.2s] I (88) cpu_start: Multicore app
[     0.2s] I (98) cpu_start: Pro cpu start user code
[     0.2s] I (98) cpu_start: cpu freq: 240000000 Hz
[     0.2s] I (98) app_init: Application information:
[     0.2s] I (98) app_init: Project name:     itofs
[     0.2s] I (98) app_init: App version:      ito-3.0.0
[     0.2s] I (98) app_init: Compile time:     Oct  5 2026 17:05:21
[     0.2s] I (98) app_init: ELF file SHA256:  c6f6aaf09...
[     0.2s] I (98) app_init: ESP-IDF:          v5.5.1
[     0.2s] I (98) efuse_init: Min chip rev:     v0.0
[     0.2s] I (98) efuse_init: Max chip rev:     v0.99 
[     0.2s] I (98) efuse_init: Chip rev:         v0.3
[     0.2s] I (98) heap_init: Initializing. RAM available for dynamic allocation:
[     0.2s] I (98) heap_init: At 3FC991B0 len 00050560 (321 KiB): RAM
[     0.2s] I (98) heap_init: At 3FCE9710 len 00005724 (21 KiB): RAM
[     0.2s] I (98) heap_init: At 600FE000 len 00001FE8 (7 KiB): RTCRAM
[     0.3s] I (99) esp_psram: Adding pool of 8192K of PSRAM memory to heap allocator
[     0.3s] I (100) spi_flash: detected chip: issi
[     0.3s] I (100) spi_flash: flash io: dio
[     0.3s] I (100) sleep_gpio: Configure to isolate all GPIO pins in sleep state
[     0.3s] I (100) sleep_gpio: Enable automatic switching of GPIO sleep configuration
[     0.3s] I (101) main_task: Started on CPU0
[     0.3s] I (107) esp_psram: Reserving pool of 32K of internal memory for DMA/internal allocations
[     0.3s] I (107) main_task: Calling app_main()
[     0.3s] 
[     0.3s] ==== ItoFS TTS on ESP32-S3 ====
[     0.6s] weights: 3196068 bytes copied flash -> PSRAM in 310 ms
[     0.6s] model: arch 3 (ItoFS v3: mel front + mel vocoder), 2365104 int8/int4 + 543936 int16 + 84134 f32 params, text 128, GRU 96 forward (incremental text side), prosody 96, mel head 176 x4 -> 100, decoder 192/576 x5, n_fft 1200, hop 300 (80 fps), 24000 Hz, 1 styles, style table
[     0.6s] QEMU build: I2S disabled (audio is generated and discarded)
[     0.6s] internal SRAM before the hot arena: largest free block 264 KB, free 329 KB
[     0.7s] arena: hot 210764 bytes in internal SRAM, bulk 1312272 bytes in PSRAM; chunk 24 frames = 7200 samples; 8-bit activations
[     0.7s] kernels: int4 unpack by the PIE kernel (PIE kernel reproduces the C unpack on 7168 groups, every (m, zp))
[     0.7s] kernels: PIE int8 dot (esp-nn), dual core; staging tiles ok (4096 B x 2 per core in internal SRAM); GDMA EMULATED in software (QEMU)
[     0.7s] demos: 3 sentences from the weight blob
[     0.7s] MEM boot: peak PSRAM used 4467 / 8192 KB, peak internal SRAM used 285 / 383 KB
[     0.7s] I (543) main_task: Returned from app_main()
[     2.4s] SELFTEST dual-core, 8-bit activations: golden sentence 0 vs host C engine: 134100 samples (host 134100), fnv32 363d7d98 (host 363d7d98) -> PASS
[     2.4s] TIMING selftest(no playback): 84 tokens, style 0, 5.59 s audio | first chunk 107.9 ms (begin 2.2 ms; incremental text side, 8 tokens final at first chunk) | compute 1665.1 ms, RTF 0.298 | underruns 0 (start delay 0 ms) | weight staging direct: 2911 GEMM calls, 0 announced ahead, 0 not
[     2.4s] MEM selftest(no playback): peak PSRAM used 4747 / 8192 KB, peak internal SRAM used 308 / 383 KB
[     5.9s] PCMEND 134100
PCM COMPARE vs host C engine: firmware 134100 samples (reported 134100), host 134100, differing samples 0 -> BIT-IDENTICAL
[     5.9s] SAY demo 0: "LJ009-0076: wiː kˈʌm tə ðə sˈɜːmən ."
[     6.5s] TIMING demo: 25 tokens, style 0, 2.09 s audio | first chunk 87.8 ms (begin 2.2 ms; incremental text side, 8 tokens final at first chunk) | compute 623.6 ms, RTF 0.299 | underruns 10 (start delay 0 ms) | weight staging direct: 1164 GEMM calls, 0 announced ahead, 0 not
[     6.5s] MEM demo: peak PSRAM used 4747 / 8192 KB, peak internal SRAM used 308 / 383 KB
[     6.5s] SAY demo 1: "LJ018-0098: ænd ɹˈɛkəɡnˌaɪzd æz wˈʌn ʌvðə fɹˈiːkwɛntɚz ʌvðə bˈoʊɡəs lˈɔː stˈeɪʃənɚz . hɪz ɚɹˈɛst lˈɛd tə ðæt ʌv ˈʌðɚz ."
[     8.6s] TIMING demo: 108 tokens, style 0, 7.17 s audio | first chunk 85.2 ms (begin 0.4 ms; incremental text side, 8 tokens final at first chunk) | compute 2127.8 ms, RTF 0.297 | underruns 26 (start delay 0 ms) | weight staging direct: 3667 GEMM calls, 0 announced ahead, 0 not
[     8.6s] MEM demo: peak PSRAM used 4747 / 8192 KB, peak internal SRAM used 308 / 383 KB
[     8.6s] SAY demo 2: "LJ004-0152: ɔːlðˈoʊ æt mˈɪstɚ . bˈʌkstənz vˈɪzɪt ɐ nˈuː dʒˈeɪl wʌz ɪn pɹˈɑːsɛs ʌv ɪɹˈɛkʃən , ðə fˈɜːst stˈɛp təwˈɔːɹdz ɹᵻfˈɔːɹm sˈɪns hˈaʊɚdz vˌɪzɪtˈeɪʃən ɪn sˈɛvəntˌiːn sˈɛvənti fˈoːɹ ."
[    11.8s] TIMING demo: 175 tokens, style 0, 10.46 s audio | first chunk 85.2 ms (begin 0.3 ms; incremental text side, 8 tokens final at first chunk) | compute 3169.4 ms, RTF 0.303 | underruns 37 (start delay 0 ms) | weight staging direct: 5284 GEMM calls, 0 announced ahead, 0 not
[    11.8s] MEM demo: peak PSRAM used 4747 / 8192 KB, peak internal SRAM used 308 / 383 KB
[    11.8s] READY (BOOT button = demos, serial: say <ids> | style <k> | demo [k] | test | stats | help)
>>> wmode 1
[    11.8s] OK weight staging copy
[    11.8s] READY
>>> test
[    13.6s] SELFTEST dual-core, 8-bit activations: golden sentence 0 vs host C engine: 134100 samples (host 134100), fnv32 363d7d98 (host 363d7d98) -> PASS
[    13.6s] TIMING selftest(no playback): 84 tokens, style 0, 5.59 s audio | first chunk 94.8 ms (begin 0.3 ms; incremental text side, 8 tokens final at first chunk) | compute 1805.4 ms, RTF 0.323 | underruns 0 (start delay 0 ms) | weight staging copy: 2911 GEMM calls, 0 announced ahead, 0 not
[    13.6s] MEM selftest(no playback): peak PSRAM used 4747 / 8192 KB, peak internal SRAM used 308 / 383 KB
[    17.3s] PCMEND 134100
PCM COMPARE vs host C engine: firmware 134100 samples (reported 134100), host 134100, differing samples 0 -> BIT-IDENTICAL
[    20.0s] SELFTEST single-core, 8-bit activations: golden sentence 0 vs host C engine: 134100 samples (host 134100), fnv32 363d7d98 (host 363d7d98) -> PASS
[    22.5s] SELFTEST dual-core, 16-bit activations: golden sentence 0 vs host C engine: 134100 samples (host 134100), fnv32 a8c2df73 (host a8c2df73) -> PASS
[    22.5s] TIMING selftest(no playback): 84 tokens, style 0, 5.59 s audio | first chunk 113.7 ms (begin 0.3 ms; incremental text side, 8 tokens final at first chunk) | compute 2490.1 ms, RTF 0.446 | underruns 0 (start delay 0 ms) | weight staging copy: 4145 GEMM calls, 0 announced ahead, 0 not
[    22.5s] MEM selftest(no playback): peak PSRAM used 4747 / 8192 KB, peak internal SRAM used 308 / 383 KB
[    22.5s] READY
>>> wmode 2
[    22.5s] OK weight staging gdma
[    22.5s] READY
>>> test
[    24.3s] SELFTEST dual-core, 8-bit activations: golden sentence 0 vs host C engine: 134100 samples (host 134100), fnv32 363d7d98 (host 363d7d98) -> PASS
[    24.3s] TIMING selftest(no playback): 84 tokens, style 0, 5.59 s audio | first chunk 97.6 ms (begin 0.3 ms; incremental text side, 8 tokens final at first chunk) | compute 1805.4 ms, RTF 0.323 | underruns 0 (start delay 0 ms) | weight staging gdma: 2911 GEMM calls, 0 announced ahead, 2911 not
[    24.3s] MEM selftest(no playback): peak PSRAM used 4747 / 8192 KB, peak internal SRAM used 308 / 383 KB
[    27.9s] PCMEND 134100
PCM COMPARE vs host C engine: firmware 134100 samples (reported 134100), host 134100, differing samples 0 -> BIT-IDENTICAL
[    30.5s] SELFTEST single-core, 8-bit activations: golden sentence 0 vs host C engine: 134100 samples (host 134100), fnv32 363d7d98 (host 363d7d98) -> PASS
[    33.1s] SELFTEST dual-core, 16-bit activations: golden sentence 0 vs host C engine: 134100 samples (host 134100), fnv32 a8c2df73 (host a8c2df73) -> PASS
[    33.1s] TIMING selftest(no playback): 84 tokens, style 0, 5.59 s audio | first chunk 113.6 ms (begin 0.3 ms; incremental text side, 8 tokens final at first chunk) | compute 2566.7 ms, RTF 0.459 | underruns 0 (start delay 0 ms) | weight staging gdma: 4145 GEMM calls, 0 announced ahead, 4145 not
[    33.1s] MEM selftest(no playback): peak PSRAM used 4747 / 8192 KB, peak internal SRAM used 308 / 383 KB
[    33.1s] READY
>>> wmode 3
[    33.1s] OK weight staging gdma+prefetch
[    33.1s] READY
>>> test
[    34.8s] SELFTEST dual-core, 8-bit activations: golden sentence 0 vs host C engine: 134100 samples (host 134100), fnv32 363d7d98 (host 363d7d98) -> PASS
[    34.9s] TIMING selftest(no playback): 84 tokens, style 0, 5.59 s audio | first chunk 86.4 ms (begin 0.2 ms; incremental text side, 8 tokens final at first chunk) | compute 1692.9 ms, RTF 0.303 | underruns 0 (start delay 0 ms) | weight staging gdma+prefetch: 2911 GEMM calls, 2911 announced ahead, 0 not
[    34.9s] MEM selftest(no playback): peak PSRAM used 4747 / 8192 KB, peak internal SRAM used 308 / 383 KB
[    38.4s] PCMEND 134100
PCM COMPARE vs host C engine: firmware 134100 samples (reported 134100), host 134100, differing samples 0 -> BIT-IDENTICAL
[    41.1s] SELFTEST single-core, 8-bit activations: golden sentence 0 vs host C engine: 134100 samples (host 134100), fnv32 363d7d98 (host 363d7d98) -> PASS
[    43.7s] SELFTEST dual-core, 16-bit activations: golden sentence 0 vs host C engine: 134100 samples (host 134100), fnv32 a8c2df73 (host a8c2df73) -> PASS
[    43.7s] TIMING selftest(no playback): 84 tokens, style 0, 5.59 s audio | first chunk 128.8 ms (begin 0.3 ms; incremental text side, 8 tokens final at first chunk) | compute 2562.7 ms, RTF 0.459 | underruns 0 (start delay 0 ms) | weight staging gdma+prefetch: 4145 GEMM calls, 4145 announced ahead, 0 not
[    43.7s] MEM selftest(no playback): peak PSRAM used 4747 / 8192 KB, peak internal SRAM used 308 / 383 KB
[    43.7s] READY
CLIENT DONE
