[     0.0s] ESP-ROM:esp32s3-20210327
[     0.0s] Build:Mar 27 2021
[     0.0s] rst:0x1 (POWERON),boot:0x4 (SPI_FLASH_BOOT)
[     0.0s] SPIWP:0xee
[     0.1s] mode:DIO, clock div:1
[     0.1s] load:0x3fce2820,len:0xd64
[     0.1s] load:0x403c8700,len:0xb14
[     0.1s] load:0x403cb700,len:0x2cac
[     0.1s] entry 0x403c8894
[     0.2s] W (186) rtcinit: o_code calibration fail
[     0.2s] 
[     0.2s] I (97) esp_psram: Found 8MB PSRAM device
[     0.2s] I (97) esp_psram: Speed: 80MHz
[     0.2s] I (98) cpu_start: Multicore app
[     0.2s] I (108) cpu_start: Pro cpu start user code
[     0.2s] I (108) cpu_start: cpu freq: 240000000 Hz
[     0.2s] I (108) app_init: Application information:
[     0.2s] I (108) app_init: Project name:     itofs
[     0.2s] I (108) app_init: App version:      ito-3.0.0
[     0.2s] I (108) app_init: Compile time:     Oct  5 2026 17:13:36
[     0.2s] I (108) app_init: ELF file SHA256:  01613b4ef...
[     0.2s] I (108) app_init: ESP-IDF:          v5.5.1
[     0.2s] I (108) efuse_init: Min chip rev:     v0.0
[     0.2s] I (108) efuse_init: Max chip rev:     v0.99 
[     0.2s] I (108) efuse_init: Chip rev:         v0.3
[     0.2s] I (108) heap_init: Initializing. RAM available for dynamic allocation:
[     0.2s] I (108) heap_init: At 3FC99EA0 len 0004F870 (318 KiB): RAM
[     0.2s] I (108) heap_init: At 3FCE9710 len 00005724 (21 KiB): RAM
[     0.2s] I (108) heap_init: At 600FE000 len 00001FE8 (7 KiB): RTCRAM
[     0.2s] I (109) esp_psram: Adding pool of 8192K of PSRAM memory to heap allocator
[     0.2s] I (110) spi_flash: detected chip: issi
[     0.2s] I (110) spi_flash: flash io: dio
[     0.2s] I (110) sleep_gpio: Configure to isolate all GPIO pins in sleep state
[     0.2s] I (110) sleep_gpio: Enable automatic switching of GPIO sleep configuration
[     0.3s] I (111) main_task: Started on CPU0
[     0.3s] I (116) esp_psram: Reserving pool of 32K of internal memory for DMA/internal allocations
[     0.3s] I (116) main_task: Calling app_main()
[     0.3s] 
[     0.3s] ==== ItoFS TTS on ESP32-S3 ====
[     0.3s] weight sets in flash: 0 'weights' present; 1 'weights_b' present; 2 'weights_c' present;
[     0.3s] QEMU build: I2S disabled (audio is generated and discarded)
[     0.3s] internal SRAM before the hot arena: largest free block 264 KB, free 326 KB
[     0.3s] arena: hot 210764 bytes in internal SRAM, bulk 1312272 bytes in PSRAM; chunk 24 frames = 7200 samples; 8-bit activations
[     0.3s] kernels: int4 unpack by the PIE kernel (PIE kernel reproduces the C unpack on 7168 groups, every (m, zp))
[     0.3s] kernels: PIE int8 dot (esp-nn), dual core; staging tiles ok (4096 B x 2 per core in internal SRAM); GDMA EMULATED in software (QEMU)
[     0.3s] MEM boot: peak PSRAM used 5092 / 8192 KB, peak internal SRAM used 285 / 379 KB
[     0.7s] weights: set 0 ('weights'): 3806628 bytes copied flash -> PSRAM in 369 ms
[     0.8s] model: arch 3 (ItoFS v3: mel front + mel vocoder), 2365104 int8 + 0 int4 + 543936 int16 + 84134 f32 params, text 128, GRU 96 forward (incremental text side), prosody 96, mel head 176 x4 -> 100, decoder 192/576 x5, n_fft 1200, hop 300 (80 fps), 24000 Hz, 1 styles, style table, blob format 1
[     0.8s] I (638) main_task: Returned from app_main()
[     2.1s] SELFTEST dual-core, 8-bit activations: golden sentence 0 vs host C engine: 134100 samples (host 134100), fnv32 023bd6b1 (host 023bd6b1) -> PASS
[     2.1s] TIMING selftest(no playback): 84 tokens, style 0, 5.59 s audio | first chunk 91.8 ms (begin 2.1 ms; incremental text side, 8 tokens final at first chunk) | compute 1383.4 ms, RTF 0.248 | underruns 0 (start delay planned -1 ms) | weight set 0 | weight staging direct: 2911 GEMM calls, 0 announced ahead, 0 not
[     2.1s] MEM selftest(no playback): peak PSRAM used 5372 / 8192 KB, peak internal SRAM used 320 / 379 KB
[     5.7s] PCMEND 134100
PCM COMPARE vs host C engine: firmware 134100 samples (reported 134100), host 134100, differing samples 0 -> BIT-IDENTICAL
[     7.1s] CALIB set 0 ('weights', vocoder 192/576 x5, int8): 84 tokens, 21 chunks | first chunk 68.2 ms (begin 0.3 ms) | steady chunk 65.3 ms of 300 ms audio: RTF steady 0.218, whole 0.243 -> measured RTF 0.243 | weight staging direct
[     7.1s] TIER_SELECT chosen=0 ('weights', vocoder 192/576 x5, int8) measured_rtf=0.243 target=0.85 status=OK degraded=0 | measured: set0 0.243 set1 not needed set2 not needed
[     7.1s] SAY demo 0: "LJ009-0076: wiː kˈʌm tə ðə sˈɜːmən ."
[     7.6s] TIMING demo: 25 tokens, style 0, 2.09 s audio | first chunk 68.9 ms (begin 0.3 ms; incremental text side, 8 tokens final at first chunk) | compute 507.1 ms, RTF 0.243 | underruns 10 (start delay planned 69 ms) | weight set 0 | weight staging direct: 1164 GEMM calls, 0 announced ahead, 0 not
[     7.6s] MEM demo: peak PSRAM used 5372 / 8192 KB, peak internal SRAM used 320 / 379 KB
[     7.6s] SAY demo 1: "LJ018-0098: ænd ɹˈɛkəɡnˌaɪzd æz wˈʌn ʌvðə fɹˈiːkwɛntɚz ʌvðə bˈoʊɡəs lˈɔː stˈeɪʃənɚz . hɪz ɚɹˈɛst lˈɛd tə ðæt ʌv ˈʌðɚz ."
[     9.3s] TIMING demo: 108 tokens, style 0, 7.17 s audio | first chunk 67.7 ms (begin 0.3 ms; incremental text side, 8 tokens final at first chunk) | compute 1737.1 ms, RTF 0.242 | underruns 26 (start delay planned 68 ms) | weight set 0 | weight staging direct: 3667 GEMM calls, 0 announced ahead, 0 not
[     9.3s] MEM demo: peak PSRAM used 5372 / 8192 KB, peak internal SRAM used 320 / 379 KB
[     9.3s] SAY demo 2: "LJ004-0152: ɔːlðˈoʊ æt mˈɪstɚ . bˈʌkstənz vˈɪzɪt ɐ nˈuː dʒˈeɪl wʌz ɪn pɹˈɑːsɛs ʌv ɪɹˈɛkʃən , ðə fˈɜːst stˈɛp təwˈɔːɹdz ɹᵻfˈɔːɹm sˈɪns hˈaʊɚdz vˌɪzɪtˈeɪʃən ɪn sˈɛvəntˌiːn sˈɛvənti fˈoːɹ ."
[    12.0s] TIMING demo: 175 tokens, style 0, 10.46 s audio | first chunk 73.0 ms (begin 0.3 ms; incremental text side, 8 tokens final at first chunk) | compute 2666.5 ms, RTF 0.255 | underruns 37 (start delay planned 73 ms) | weight set 0 | weight staging direct: 5284 GEMM calls, 0 announced ahead, 0 not
[    12.0s] MEM demo: peak PSRAM used 5372 / 8192 KB, peak internal SRAM used 320 / 379 KB
[    12.0s] READY (BOOT button = demos, serial: say <ids> | style <k> | demo [k] | test | stats | tier [k] | status | help)
>>> wmode 1
[    12.0s] OK weight staging copy
[    12.0s] READY
>>> tier 1
[    12.4s] weights: set 1 ('weights_b'): 3196068 bytes copied flash -> PSRAM in 314 ms
[    12.4s] model: arch 3 (ItoFS v3: mel front + mel vocoder), 891312 int8 + 1473792 int4 + 543936 int16 + 84134 f32 params, text 128, GRU 96 forward (incremental text side), prosody 96, mel head 176 x4 -> 100, decoder 192/576 x5, n_fft 1200, hop 300 (80 fps), 24000 Hz, 1 styles, style table, blob format 2
[    12.4s] OK weight set 1 active
[    13.8s] SELFTEST dual-core, 8-bit activations: golden sentence 0 vs host C engine: 134100 samples (host 134100), fnv32 363d7d98 (host 363d7d98) -> PASS
[    13.8s] TIMING selftest(no playback): 84 tokens, style 0, 5.59 s audio | first chunk 69.8 ms (begin 0.3 ms; incremental text side, 8 tokens final at first chunk) | compute 1364.3 ms, RTF 0.244 | underruns 0 (start delay planned -1 ms) | weight set 1 | weight staging copy: 2911 GEMM calls, 0 announced ahead, 0 not
[    13.8s] MEM selftest(no playback): peak PSRAM used 5372 / 8192 KB, peak internal SRAM used 320 / 379 KB
[    17.3s] PCMEND 134100
PCM COMPARE vs host C engine: firmware 134100 samples (reported 134100), host 134100, differing samples 0 -> BIT-IDENTICAL
[    17.4s] READY
>>> tier 2
[    17.7s] weights: set 2 ('weights_c'): 3054628 bytes copied flash -> PSRAM in 300 ms
[    17.7s] model: arch 3 (ItoFS v3: mel front + mel vocoder), 891312 int8 + 1252608 int4 + 543936 int16 + 80486 f32 params, text 128, GRU 96 forward (incremental text side), prosody 96, mel head 176 x4 -> 100, decoder 192/576 x4, n_fft 1200, hop 300 (80 fps), 24000 Hz, 1 styles, style table, blob format 2
[    17.7s] OK weight set 2 active
[    19.0s] SELFTEST dual-core, 8-bit activations: golden sentence 0 vs host C engine: 134100 samples (host 134100), fnv32 5f12d5e1 (host 5f12d5e1) -> PASS
[    19.0s] TIMING selftest(no playback): 84 tokens, style 0, 5.59 s audio | first chunk 64.1 ms (begin 0.3 ms; incremental text side, 8 tokens final at first chunk) | compute 1283.6 ms, RTF 0.230 | underruns 0 (start delay planned -1 ms) | weight set 2 | weight staging copy: 2825 GEMM calls, 0 announced ahead, 0 not
[    19.0s] MEM selftest(no playback): peak PSRAM used 5372 / 8192 KB, peak internal SRAM used 320 / 379 KB
[    22.6s] PCMEND 134100
PCM COMPARE vs host C engine: firmware 134100 samples (reported 134100), host 134100, differing samples 0 -> BIT-IDENTICAL
[    22.6s] READY
>>> wmode 2
[    22.6s] OK weight staging gdma
[    22.6s] READY
>>> tier 1
[    23.0s] weights: set 1 ('weights_b'): 3196068 bytes copied flash -> PSRAM in 316 ms
[    23.0s] model: arch 3 (ItoFS v3: mel front + mel vocoder), 891312 int8 + 1473792 int4 + 543936 int16 + 84134 f32 params, text 128, GRU 96 forward (incremental text side), prosody 96, mel head 176 x4 -> 100, decoder 192/576 x5, n_fft 1200, hop 300 (80 fps), 24000 Hz, 1 styles, style table, blob format 2
[    23.0s] OK weight set 1 active
[    24.4s] SELFTEST dual-core, 8-bit activations: golden sentence 0 vs host C engine: 134100 samples (host 134100), fnv32 363d7d98 (host 363d7d98) -> PASS
[    24.4s] TIMING selftest(no playback): 84 tokens, style 0, 5.59 s audio | first chunk 71.3 ms (begin 0.3 ms; incremental text side, 8 tokens final at first chunk) | compute 1386.0 ms, RTF 0.248 | underruns 0 (start delay planned -1 ms) | weight set 1 | weight staging gdma: 2911 GEMM calls, 0 announced ahead, 2911 not
[    24.4s] MEM selftest(no playback): peak PSRAM used 5372 / 8192 KB, peak internal SRAM used 320 / 379 KB
[    28.0s] PCMEND 134100
PCM COMPARE vs host C engine: firmware 134100 samples (reported 134100), host 134100, differing samples 0 -> BIT-IDENTICAL
[    28.0s] READY
>>> tier 2
[    28.3s] weights: set 2 ('weights_c'): 3054628 bytes copied flash -> PSRAM in 301 ms
[    28.4s] model: arch 3 (ItoFS v3: mel front + mel vocoder), 891312 int8 + 1252608 int4 + 543936 int16 + 80486 f32 params, text 128, GRU 96 forward (incremental text side), prosody 96, mel head 176 x4 -> 100, decoder 192/576 x4, n_fft 1200, hop 300 (80 fps), 24000 Hz, 1 styles, style table, blob format 2
[    28.4s] OK weight set 2 active
[    29.7s] SELFTEST dual-core, 8-bit activations: golden sentence 0 vs host C engine: 134100 samples (host 134100), fnv32 5f12d5e1 (host 5f12d5e1) -> PASS
[    29.7s] TIMING selftest(no playback): 84 tokens, style 0, 5.59 s audio | first chunk 66.5 ms (begin 0.3 ms; incremental text side, 8 tokens final at first chunk) | compute 1338.5 ms, RTF 0.240 | underruns 0 (start delay planned -1 ms) | weight set 2 | weight staging gdma: 2825 GEMM calls, 0 announced ahead, 2825 not
[    29.7s] MEM selftest(no playback): peak PSRAM used 5372 / 8192 KB, peak internal SRAM used 320 / 379 KB
[    33.3s] PCMEND 134100
PCM COMPARE vs host C engine: firmware 134100 samples (reported 134100), host 134100, differing samples 0 -> BIT-IDENTICAL
[    33.3s] READY
>>> wmode 3
[    33.4s] OK weight staging gdma+prefetch
[    33.4s] READY
>>> tier 1
[    33.7s] weights: set 1 ('weights_b'): 3196068 bytes copied flash -> PSRAM in 314 ms
[    33.8s] model: arch 3 (ItoFS v3: mel front + mel vocoder), 891312 int8 + 1473792 int4 + 543936 int16 + 84134 f32 params, text 128, GRU 96 forward (incremental text side), prosody 96, mel head 176 x4 -> 100, decoder 192/576 x5, n_fft 1200, hop 300 (80 fps), 24000 Hz, 1 styles, style table, blob format 2
[    33.8s] OK weight set 1 active
[    35.1s] SELFTEST dual-core, 8-bit activations: golden sentence 0 vs host C engine: 134100 samples (host 134100), fnv32 363d7d98 (host 363d7d98) -> PASS
[    35.1s] TIMING selftest(no playback): 84 tokens, style 0, 5.59 s audio | first chunk 71.5 ms (begin 0.3 ms; incremental text side, 8 tokens final at first chunk) | compute 1386.4 ms, RTF 0.248 | underruns 0 (start delay planned -1 ms) | weight set 1 | weight staging gdma+prefetch: 2911 GEMM calls, 2911 announced ahead, 0 not
[    35.1s] MEM selftest(no playback): peak PSRAM used 5372 / 8192 KB, peak internal SRAM used 320 / 379 KB
[    38.7s] PCMEND 134100
PCM COMPARE vs host C engine: firmware 134100 samples (reported 134100), host 134100, differing samples 0 -> BIT-IDENTICAL
[    38.7s] READY
>>> tier 2
[    39.0s] weights: set 2 ('weights_c'): 3054628 bytes copied flash -> PSRAM in 310 ms
[    39.1s] model: arch 3 (ItoFS v3: mel front + mel vocoder), 891312 int8 + 1252608 int4 + 543936 int16 + 80486 f32 params, text 128, GRU 96 forward (incremental text side), prosody 96, mel head 176 x4 -> 100, decoder 192/576 x4, n_fft 1200, hop 300 (80 fps), 24000 Hz, 1 styles, style table, blob format 2
[    39.1s] OK weight set 2 active
[    40.4s] SELFTEST dual-core, 8-bit activations: golden sentence 0 vs host C engine: 134100 samples (host 134100), fnv32 5f12d5e1 (host 5f12d5e1) -> PASS
[    40.4s] TIMING selftest(no playback): 84 tokens, style 0, 5.59 s audio | first chunk 67.2 ms (begin 0.3 ms; incremental text side, 8 tokens final at first chunk) | compute 1317.8 ms, RTF 0.236 | underruns 0 (start delay planned -1 ms) | weight set 2 | weight staging gdma+prefetch: 2825 GEMM calls, 2825 announced ahead, 0 not
[    40.4s] MEM selftest(no playback): peak PSRAM used 5372 / 8192 KB, peak internal SRAM used 320 / 379 KB
[    44.0s] PCMEND 134100
PCM COMPARE vs host C engine: firmware 134100 samples (reported 134100), host 134100, differing samples 0 -> BIT-IDENTICAL
[    44.0s] READY
>>> tier 0
[    44.4s] weights: set 0 ('weights'): 3806628 bytes copied flash -> PSRAM in 412 ms
[    44.5s] model: arch 3 (ItoFS v3: mel front + mel vocoder), 2365104 int8 + 0 int4 + 543936 int16 + 84134 f32 params, text 128, GRU 96 forward (incremental text side), prosody 96, mel head 176 x4 -> 100, decoder 192/576 x5, n_fft 1200, hop 300 (80 fps), 24000 Hz, 1 styles, style table, blob format 1
[    44.5s] OK weight set 0 active
[    45.8s] SELFTEST dual-core, 8-bit activations: golden sentence 0 vs host C engine: 134100 samples (host 134100), fnv32 023bd6b1 (host 023bd6b1) -> PASS
[    45.8s] TIMING selftest(no playback): 84 tokens, style 0, 5.59 s audio | first chunk 76.6 ms (begin 0.3 ms; incremental text side, 8 tokens final at first chunk) | compute 1372.8 ms, RTF 0.246 | underruns 0 (start delay planned -1 ms) | weight set 0 | weight staging gdma+prefetch: 2911 GEMM calls, 2911 announced ahead, 0 not
[    45.8s] MEM selftest(no playback): peak PSRAM used 5372 / 8192 KB, peak internal SRAM used 320 / 379 KB
[    49.3s] PCMEND 134100
PCM COMPARE vs host C engine: firmware 134100 samples (reported 134100), host 134100, differing samples 0 -> BIT-IDENTICAL
[    49.3s] READY
>>> unpack c
[    49.3s] OK int4 unpack: C code
[    49.3s] READY
>>> tier 1
[    49.7s] weights: set 1 ('weights_b'): 3196068 bytes copied flash -> PSRAM in 319 ms
[    49.7s] model: arch 3 (ItoFS v3: mel front + mel vocoder), 891312 int8 + 1473792 int4 + 543936 int16 + 84134 f32 params, text 128, GRU 96 forward (incremental text side), prosody 96, mel head 176 x4 -> 100, decoder 192/576 x5, n_fft 1200, hop 300 (80 fps), 24000 Hz, 1 styles, style table, blob format 2
[    49.7s] OK weight set 1 active
[    51.1s] SELFTEST dual-core, 8-bit activations: golden sentence 0 vs host C engine: 134100 samples (host 134100), fnv32 363d7d98 (host 363d7d98) -> PASS
[    51.1s] TIMING selftest(no playback): 84 tokens, style 0, 5.59 s audio | first chunk 67.7 ms (begin 0.3 ms; incremental text side, 8 tokens final at first chunk) | compute 1345.8 ms, RTF 0.241 | underruns 0 (start delay planned -1 ms) | weight set 1 | weight staging gdma+prefetch: 2911 GEMM calls, 2911 announced ahead, 0 not
[    51.1s] MEM selftest(no playback): peak PSRAM used 5372 / 8192 KB, peak internal SRAM used 320 / 379 KB
[    60.9s] PCMEND 134100
PCM COMPARE vs host C engine: firmware 134100 samples (reported 134100), host 134100, differing samples 0 -> BIT-IDENTICAL
[    60.9s] READY
>>> tier 2
[    61.2s] weights: set 2 ('weights_c'): 3054628 bytes copied flash -> PSRAM in 300 ms
[    61.3s] model: arch 3 (ItoFS v3: mel front + mel vocoder), 891312 int8 + 1252608 int4 + 543936 int16 + 80486 f32 params, text 128, GRU 96 forward (incremental text side), prosody 96, mel head 176 x4 -> 100, decoder 192/576 x4, n_fft 1200, hop 300 (80 fps), 24000 Hz, 1 styles, style table, blob format 2
[    61.3s] OK weight set 2 active
[    62.6s] SELFTEST dual-core, 8-bit activations: golden sentence 0 vs host C engine: 134100 samples (host 134100), fnv32 5f12d5e1 (host 5f12d5e1) -> PASS
[    62.6s] TIMING selftest(no playback): 84 tokens, style 0, 5.59 s audio | first chunk 65.4 ms (begin 0.3 ms; incremental text side, 8 tokens final at first chunk) | compute 1251.8 ms, RTF 0.224 | underruns 0 (start delay planned -1 ms) | weight set 2 | weight staging gdma+prefetch: 2825 GEMM calls, 2825 announced ahead, 0 not
[    62.6s] MEM selftest(no playback): peak PSRAM used 5372 / 8192 KB, peak internal SRAM used 320 / 379 KB
[    67.4s] PCMEND 134100
PCM COMPARE vs host C engine: firmware 134100 samples (reported 134100), host 134100, differing samples 0 -> BIT-IDENTICAL
[    67.5s] READY
>>> unpack pie
[    67.5s] OK int4 unpack: PIE kernel (unchecked if the boot check failed!)
[    67.5s] READY
>>> tier 1
[    67.8s] weights: set 1 ('weights_b'): 3196068 bytes copied flash -> PSRAM in 321 ms
[    67.9s] model: arch 3 (ItoFS v3: mel front + mel vocoder), 891312 int8 + 1473792 int4 + 543936 int16 + 84134 f32 params, text 128, GRU 96 forward (incremental text side), prosody 96, mel head 176 x4 -> 100, decoder 192/576 x5, n_fft 1200, hop 300 (80 fps), 24000 Hz, 1 styles, style table, blob format 2
[    67.9s] OK weight set 1 active
[    69.3s] SELFTEST dual-core, 8-bit activations: golden sentence 0 vs host C engine: 134100 samples (host 134100), fnv32 363d7d98 (host 363d7d98) -> PASS
[    69.3s] TIMING selftest(no playback): 84 tokens, style 0, 5.59 s audio | first chunk 69.9 ms (begin 0.3 ms; incremental text side, 8 tokens final at first chunk) | compute 1376.4 ms, RTF 0.246 | underruns 0 (start delay planned -1 ms) | weight set 1 | weight staging gdma+prefetch: 2911 GEMM calls, 2911 announced ahead, 0 not
[    69.3s] MEM selftest(no playback): peak PSRAM used 5372 / 8192 KB, peak internal SRAM used 320 / 379 KB
[    72.7s] PCMEND 134100
PCM COMPARE vs host C engine: firmware 134100 samples (reported 134100), host 134100, differing samples 0 -> BIT-IDENTICAL
[    72.7s] READY
CLIENT DONE
