[     0.0s] ESP-ROM:esp32s3-20210327
[     0.0s] Build:Mar 27 2021
[     0.0s] rst:0x1 (POWERON),boot:0x4 (SPI_FLASH_BOOT)
[     0.1s] SPIWP:0xee
[     0.1s] mode:DIO, clock div:1
[     0.1s] load:0x3fce2820,len:0xd64
[     0.1s] load:0x403c8700,len:0xb14
[     0.1s] load:0x403cb700,len:0x2cac
[     0.1s] entry 0x403c8894
[     0.2s] W (180) rtcinit: o_code calibration fail
[     0.2s] 
[     0.2s] I (94) esp_psram: Found 8MB PSRAM device
[     0.2s] I (94) esp_psram: Speed: 80MHz
[     0.2s] I (94) cpu_start: Multicore app
[     0.2s] I (105) cpu_start: Pro cpu start user code
[     0.2s] I (105) cpu_start: cpu freq: 240000000 Hz
[     0.2s] I (105) app_init: Application information:
[     0.2s] I (105) app_init: Project name:     itofs
[     0.2s] I (105) app_init: App version:      ito-3.0.0
[     0.2s] I (105) app_init: Compile time:     Oct  2 2026 19:10:12
[     0.2s] I (105) app_init: ELF file SHA256:  8f4dd3309...
[     0.2s] I (105) app_init: ESP-IDF:          v5.5.1
[     0.2s] I (105) efuse_init: Min chip rev:     v0.0
[     0.2s] I (105) efuse_init: Max chip rev:     v0.99 
[     0.2s] I (105) efuse_init: Chip rev:         v0.3
[     0.2s] I (105) heap_init: Initializing. RAM available for dynamic allocation:
[     0.2s] I (105) heap_init: At 3FC99188 len 00050588 (321 KiB): RAM
[     0.2s] I (105) heap_init: At 3FCE9710 len 00005724 (21 KiB): RAM
[     0.2s] I (105) heap_init: At 600FE000 len 00001FE8 (7 KiB): RTCRAM
[     0.2s] I (105) esp_psram: Adding pool of 8192K of PSRAM memory to heap allocator
[     0.2s] I (106) spi_flash: detected chip: issi
[     0.2s] I (107) spi_flash: flash io: dio
[     0.2s] I (107) sleep_gpio: Configure to isolate all GPIO pins in sleep state
[     0.2s] I (107) sleep_gpio: Enable automatic switching of GPIO sleep configuration
[     0.3s] I (108) main_task: Started on CPU0
[     0.3s] I (114) esp_psram: Reserving pool of 32K of internal memory for DMA/internal allocations
[     0.3s] I (114) main_task: Calling app_main()
[     0.3s] 
[     0.3s] ==== ItoFS TTS on ESP32-S3 ====
[     0.6s] weights: 3806628 bytes copied flash -> PSRAM in 358 ms
[     0.6s] model: arch 3 (ItoFS v3: mel front + mel vocoder), 2365104 int8 + 543936 int16 + 84134 f32 params, text 128, GRU 96 forward (incremental text side), prosody 96, mel head 176 x4 -> 100, decoder 192/576 x5, n_fft 1200, hop 300 (80 fps), 24000 Hz, 1 styles, style table
[     0.6s] QEMU build: I2S disabled (audio is generated and discarded)
[     0.6s] internal SRAM before the hot arena: largest free block 264 KB, free 329 KB
[     0.7s] arena: hot 191532 bytes in internal SRAM, bulk 1312272 bytes in PSRAM; chunk 24 frames = 7200 samples; 8-bit activations
[     0.9s] kernels: PIE int8 dot (esp-nn), dual core; staging tiles ok (10240 B x 2 per core in internal SRAM); GDMA PSRAM->SRAM unavailable (self-test failed or no channel)
[     0.9s] demos: 3 sentences from the weight blob
[     0.9s] MEM boot: peak PSRAM used 5043 / 8192 KB, peak internal SRAM used 291 / 383 KB
[     0.9s] I (793) main_task: Returned from app_main()
[     2.3s] SELFTEST dual-core, 8-bit activations: golden sentence 0 vs host C engine: 134100 samples (host 134100), fnv32 023bd6b1 (host 023bd6b1) -> PASS
[     2.3s] TIMING selftest(no playback): 84 tokens, style 0, 5.59 s audio | first chunk 84.7 ms (begin 3.4 ms; incremental text side, 8 tokens final at first chunk) | compute 1404.7 ms, RTF 0.251 | underruns 0
[     2.3s] MEM selftest(no playback): peak PSRAM used 5323 / 8192 KB, peak internal SRAM used 314 / 383 KB
[     5.7s] PCMEND 134100
PCM COMPARE vs host C engine: firmware 134100 samples (reported 134100), host 134100, differing samples 0 -> BIT-IDENTICAL
[     5.7s] SAY demo 0: "LJ009-0076: wiː kˈʌm tə ðə sˈɜːmən ."
[     6.2s] TIMING demo: 25 tokens, style 0, 2.09 s audio | first chunk 48.6 ms (begin 1.8 ms; incremental text side, 8 tokens final at first chunk) | compute 490.9 ms, RTF 0.235 | underruns 8
[     6.2s] MEM demo: peak PSRAM used 5323 / 8192 KB, peak internal SRAM used 314 / 383 KB
[     6.2s] SAY demo 1: "LJ018-0098: ænd ɹˈɛkəɡnˌaɪzd æz wˈʌn ʌvðə fɹˈiːkwɛntɚz ʌvðə bˈoʊɡəs lˈɔː stˈeɪʃənɚz . hɪz ɚɹˈɛst lˈɛd tə ðæt ʌv ˈʌðɚz ."
[     7.9s] TIMING demo: 108 tokens, style 0, 7.17 s audio | first chunk 47.6 ms (begin 0.3 ms; incremental text side, 8 tokens final at first chunk) | compute 1729.2 ms, RTF 0.241 | underruns 24
[     7.9s] MEM demo: peak PSRAM used 5323 / 8192 KB, peak internal SRAM used 314 / 383 KB
[     7.9s] SAY demo 2: "LJ004-0152: ɔːlðˈoʊ æt mˈɪstɚ . bˈʌkstənz vˈɪzɪt ɐ nˈuː dʒˈeɪl wʌz ɪn pɹˈɑːsɛs ʌv ɪɹˈɛkʃən , ðə fˈɜːst stˈɛp təwˈɔːɹdz ɹᵻfˈɔːɹm sˈɪns hˈaʊɚdz vˌɪzɪtˈeɪʃən ɪn sˈɛvəntˌiːn sˈɛvənti fˈoːɹ ."
[    10.4s] TIMING demo: 175 tokens, style 0, 10.46 s audio | first chunk 47.9 ms (begin 0.4 ms; incremental text side, 8 tokens final at first chunk) | compute 2532.6 ms, RTF 0.242 | underruns 35
[    10.4s] MEM demo: peak PSRAM used 5323 / 8192 KB, peak internal SRAM used 314 / 383 KB
[    10.4s] READY (BOOT button = demos, serial: say <ids> | style <k> | demo [k] | test | stats | help)
>>> wmode 1
[    10.4s] OK weight staging copy
[    10.4s] READY
>>> test
[    11.8s] SELFTEST dual-core, 8-bit activations: golden sentence 0 vs host C engine: 134100 samples (host 134100), fnv32 023bd6b1 (host 023bd6b1) -> PASS
[    11.8s] TIMING selftest(no playback): 84 tokens, style 0, 5.59 s audio | first chunk 52.4 ms (begin 0.3 ms; incremental text side, 8 tokens final at first chunk) | compute 1365.2 ms, RTF 0.244 | underruns 0
[    11.8s] MEM selftest(no playback): peak PSRAM used 5323 / 8192 KB, peak internal SRAM used 314 / 383 KB
[    15.2s] PCMEND 134100
PCM COMPARE vs host C engine: firmware 134100 samples (reported 134100), host 134100, differing samples 0 -> BIT-IDENTICAL
[    17.2s] SELFTEST single-core, 8-bit activations: golden sentence 0 vs host C engine: 134100 samples (host 134100), fnv32 023bd6b1 (host 023bd6b1) -> PASS
[    19.1s] SELFTEST dual-core, 16-bit activations: golden sentence 0 vs host C engine: 134100 samples (host 134100), fnv32 9666bb9e (host 9666bb9e) -> PASS
[    19.1s] TIMING selftest(no playback): 84 tokens, style 0, 5.59 s audio | first chunk 60.7 ms (begin 0.3 ms; incremental text side, 8 tokens final at first chunk) | compute 1935.2 ms, RTF 0.346 | underruns 0
[    19.1s] MEM selftest(no playback): peak PSRAM used 5323 / 8192 KB, peak internal SRAM used 314 / 383 KB
[    19.1s] READY
>>> wmode 2
[    19.1s] ERROR weight staging mode 2 unavailable
[    19.1s] READY
>>> test
[    20.5s] SELFTEST dual-core, 8-bit activations: golden sentence 0 vs host C engine: 134100 samples (host 134100), fnv32 023bd6b1 (host 023bd6b1) -> PASS
[    20.5s] TIMING selftest(no playback): 84 tokens, style 0, 5.59 s audio | first chunk 53.8 ms (begin 0.3 ms; incremental text side, 8 tokens final at first chunk) | compute 1394.2 ms, RTF 0.250 | underruns 0
[    20.5s] MEM selftest(no playback): peak PSRAM used 5323 / 8192 KB, peak internal SRAM used 314 / 383 KB
[    24.0s] PCMEND 134100
PCM COMPARE vs host C engine: firmware 134100 samples (reported 134100), host 134100, differing samples 0 -> BIT-IDENTICAL
[    26.0s] SELFTEST single-core, 8-bit activations: golden sentence 0 vs host C engine: 134100 samples (host 134100), fnv32 023bd6b1 (host 023bd6b1) -> PASS
[    27.9s] SELFTEST dual-core, 16-bit activations: golden sentence 0 vs host C engine: 134100 samples (host 134100), fnv32 9666bb9e (host 9666bb9e) -> PASS
[    27.9s] TIMING selftest(no playback): 84 tokens, style 0, 5.59 s audio | first chunk 56.1 ms (begin 0.2 ms; incremental text side, 8 tokens final at first chunk) | compute 1889.1 ms, RTF 0.338 | underruns 0
[    27.9s] MEM selftest(no playback): peak PSRAM used 5323 / 8192 KB, peak internal SRAM used 314 / 383 KB
[    27.9s] READY
>>> wmode 3
[    27.9s] ERROR weight staging mode 3 unavailable
[    27.9s] READY
>>> test
[    29.3s] SELFTEST dual-core, 8-bit activations: golden sentence 0 vs host C engine: 134100 samples (host 134100), fnv32 023bd6b1 (host 023bd6b1) -> PASS
[    29.3s] TIMING selftest(no playback): 84 tokens, style 0, 5.59 s audio | first chunk 48.9 ms (begin 0.3 ms; incremental text side, 8 tokens final at first chunk) | compute 1320.5 ms, RTF 0.236 | underruns 0
[    29.3s] MEM selftest(no playback): peak PSRAM used 5323 / 8192 KB, peak internal SRAM used 314 / 383 KB
[    32.6s] PCMEND 134100
PCM COMPARE vs host C engine: firmware 134100 samples (reported 134100), host 134100, differing samples 0 -> BIT-IDENTICAL
[    34.5s] SELFTEST single-core, 8-bit activations: golden sentence 0 vs host C engine: 134100 samples (host 134100), fnv32 023bd6b1 (host 023bd6b1) -> PASS
[    36.4s] SELFTEST dual-core, 16-bit activations: golden sentence 0 vs host C engine: 134100 samples (host 134100), fnv32 9666bb9e (host 9666bb9e) -> PASS
[    36.4s] TIMING selftest(no playback): 84 tokens, style 0, 5.59 s audio | first chunk 56.1 ms (begin 0.2 ms; incremental text side, 8 tokens final at first chunk) | compute 1877.5 ms, RTF 0.336 | underruns 0
[    36.4s] MEM selftest(no playback): peak PSRAM used 5323 / 8192 KB, peak internal SRAM used 314 / 383 KB
[    36.4s] READY
CLIENT DONE
