[     0.0s] ESP-ROM:esp32s3-20210327
[     0.0s] Build:Mar 27 2021
[     0.0s] rst:0x1 (POWERON),boot:0x4 (SPI_FLASH_BOOT)
[     0.0s] SPIWP:0xee
[     0.0s] mode:DIO, clock div:1
[     0.0s] load:0x3fce2820,len:0xd64
[     0.1s] load:0x403c8700,len:0xb14
[     0.1s] load:0x403cb700,len:0x2cac
[     0.1s] entry 0x403c8894
[     0.2s] W (192) rtcinit: o_code calibration fail
[     0.2s] 
[     0.2s] I (100) esp_psram: Found 8MB PSRAM device
[     0.2s] I (100) esp_psram: Speed: 80MHz
[     0.2s] I (101) cpu_start: Multicore app
[     0.2s] I (111) cpu_start: Pro cpu start user code
[     0.2s] I (111) cpu_start: cpu freq: 240000000 Hz
[     0.2s] I (111) app_init: Application information:
[     0.2s] I (111) app_init: Project name:     itofs
[     0.2s] I (111) app_init: App version:      ito-3.0.0
[     0.2s] I (111) app_init: Compile time:     Oct  3 2026 00:44:13
[     0.2s] I (111) app_init: ELF file SHA256:  b3508057d...
[     0.2s] I (111) app_init: ESP-IDF:          v5.5.1
[     0.2s] I (111) efuse_init: Min chip rev:     v0.0
[     0.2s] I (111) efuse_init: Max chip rev:     v0.99 
[     0.2s] I (111) efuse_init: Chip rev:         v0.3
[     0.2s] I (111) heap_init: Initializing. RAM available for dynamic allocation:
[     0.2s] I (111) heap_init: At 3FC98DC8 len 00050948 (322 KiB): RAM
[     0.2s] I (111) heap_init: At 3FCE9710 len 00005724 (21 KiB): RAM
[     0.2s] I (111) heap_init: At 600FE000 len 00001FE8 (7 KiB): RTCRAM
[     0.2s] I (111) esp_psram: Adding pool of 8192K of PSRAM memory to heap allocator
[     0.3s] I (113) spi_flash: detected chip: issi
[     0.3s] I (113) spi_flash: flash io: dio
[     0.3s] I (113) sleep_gpio: Configure to isolate all GPIO pins in sleep state
[     0.3s] I (113) sleep_gpio: Enable automatic switching of GPIO sleep configuration
[     0.3s] I (114) main_task: Started on CPU0
[     0.3s] I (117) esp_psram: Reserving pool of 32K of internal memory for DMA/internal allocations
[     0.3s] I (117) main_task: Calling app_main()
[     0.3s] 
[     0.3s] ==== ItoFS TTS on ESP32-S3 ====
[     0.8s] weights: 4892708 bytes copied flash -> PSRAM in 463 ms
[     0.8s] model: arch 3 (ItoFS v3: mel front + mel vocoder), 3424816 int8 + 543936 int16 + 90726 f32 params, text 128, GRU 96 forward (incremental text side), prosody 96, mel head 176 x4 -> 100, decoder 256/768 x5, n_fft 1200, hop 300 (80 fps), 24000 Hz, 1 styles, style table
[     0.8s] QEMU build: I2S disabled (audio is generated and discarded)
[     0.8s] internal SRAM before the hot arena: largest free block 264 KB, free 330 KB
[     0.8s] arena: hot 243660 bytes in internal SRAM, bulk 1394448 bytes in PSRAM; chunk 24 frames = 7200 samples; 8-bit activations
[     0.8s] kernels: PIE int8 dot (esp-nn), dual core; staging tiles ok (4096 B x 2 per core in internal SRAM); GDMA EMULATED in software (QEMU)
[     0.8s] demos: 3 sentences from the weight blob
[     0.8s] MEM boot: peak PSRAM used 6204 / 8192 KB, peak internal SRAM used 317 / 384 KB
[     0.8s] I (696) main_task: Returned from app_main()
[     2.4s] SELFTEST dual-core, 8-bit activations: golden sentence 0 vs host C engine: 137400 samples (host 137400), fnv32 6526d0a0 (host 6526d0a0) -> PASS
[     2.5s] TIMING selftest(no playback): 84 tokens, style 0, 5.72 s audio | first chunk 98.7 ms (begin 2.4 ms; incremental text side, 8 tokens final at first chunk) | compute 1621.4 ms, RTF 0.283 | underruns 0 (start delay 0 ms) | weight staging direct: 2946 GEMM calls, 0 announced ahead, 0 not
[     2.5s] MEM selftest(no playback): peak PSRAM used 6492 / 8192 KB, peak internal SRAM used 340 / 384 KB
[     6.0s] PCMEND 137400
PCM COMPARE vs host C engine: firmware 137400 samples (reported 137400), host 137400, differing samples 0 -> BIT-IDENTICAL
[     6.0s] SAY demo 0: "LJ009-0076: wiː kˈʌm tə ðə sˈɜːmən ."
[     6.7s] TIMING demo: 25 tokens, style 0, 2.15 s audio | first chunk 78.3 ms (begin 2.0 ms; incremental text side, 8 tokens final at first chunk) | compute 608.5 ms, RTF 0.283 | underruns 10 (start delay 0 ms) | weight staging direct: 1196 GEMM calls, 0 announced ahead, 0 not
[     6.7s] MEM demo: peak PSRAM used 6492 / 8192 KB, peak internal SRAM used 340 / 384 KB
[     6.7s] SAY demo 1: "LJ018-0098: ænd ɹˈɛkəɡnˌaɪzd æz wˈʌn ʌvðə fɹˈiːkwɛntɚz ʌvðə bˈoʊɡəs lˈɔː stˈeɪʃənɚz . hɪz ɚɹˈɛst lˈɛd tə ðæt ʌv ˈʌðɚz ."
[     8.7s] TIMING demo: 108 tokens, style 0, 7.26 s audio | first chunk 75.9 ms (begin 0.4 ms; incremental text side, 8 tokens final at first chunk) | compute 2028.8 ms, RTF 0.279 | underruns 26 (start delay 0 ms) | weight staging direct: 3700 GEMM calls, 0 announced ahead, 0 not
[     8.7s] MEM demo: peak PSRAM used 6492 / 8192 KB, peak internal SRAM used 340 / 384 KB
[     8.7s] SAY demo 2: "LJ004-0152: ɔːlðˈoʊ æt mˈɪstɚ . bˈʌkstənz vˈɪzɪt ɐ nˈuː dʒˈeɪl wʌz ɪn pɹˈɑːsɛs ʌv ɪɹˈɛkʃən , ðə fˈɜːst stˈɛp təwˈɔːɹdz ɹᵻfˈɔːɹm sˈɪns hˈaʊɚdz vˌɪzɪtˈeɪʃən ɪn sˈɛvəntˌiːn sˈɛvənti fˈoːɹ ."
[    11.5s] TIMING demo: 175 tokens, style 0, 10.21 s audio | first chunk 76.0 ms (begin 0.4 ms; incremental text side, 8 tokens final at first chunk) | compute 2864.1 ms, RTF 0.280 | underruns 37 (start delay 0 ms) | weight staging direct: 5175 GEMM calls, 0 announced ahead, 0 not
[    11.5s] MEM demo: peak PSRAM used 6492 / 8192 KB, peak internal SRAM used 340 / 384 KB
[    11.6s] READY (BOOT button = demos, serial: say <ids> | style <k> | demo [k] | test | stats | help)
>>> wmode 3
[    11.6s] OK weight staging gdma+prefetch
[    11.6s] READY
>>> test
[    13.2s] SELFTEST dual-core, 8-bit activations: golden sentence 0 vs host C engine: 137400 samples (host 137400), fnv32 6526d0a0 (host 6526d0a0) -> PASS
[    13.2s] TIMING selftest(no playback): 84 tokens, style 0, 5.72 s audio | first chunk 78.9 ms (begin 0.3 ms; incremental text side, 8 tokens final at first chunk) | compute 1603.1 ms, RTF 0.280 | underruns 0 (start delay 0 ms) | weight staging gdma+prefetch: 2946 GEMM calls, 2946 announced ahead, 0 not
[    13.2s] MEM selftest(no playback): peak PSRAM used 6492 / 8192 KB, peak internal SRAM used 340 / 384 KB
[    16.8s] PCMEND 137400
PCM COMPARE vs host C engine: firmware 137400 samples (reported 137400), host 137400, differing samples 0 -> BIT-IDENTICAL
[    19.3s] SELFTEST single-core, 8-bit activations: golden sentence 0 vs host C engine: 137400 samples (host 137400), fnv32 6526d0a0 (host 6526d0a0) -> PASS
[    21.6s] SELFTEST dual-core, 16-bit activations: golden sentence 0 vs host C engine: 137400 samples (host 137400), fnv32 cd1641d1 (host cd1641d1) -> PASS
[    21.6s] TIMING selftest(no playback): 84 tokens, style 0, 5.72 s audio | first chunk 103.8 ms (begin 0.3 ms; incremental text side, 8 tokens final at first chunk) | compute 2386.2 ms, RTF 0.417 | underruns 0 (start delay 0 ms) | weight staging gdma+prefetch: 4214 GEMM calls, 4214 announced ahead, 0 not
[    21.6s] MEM selftest(no playback): peak PSRAM used 6492 / 8192 KB, peak internal SRAM used 340 / 384 KB
[    21.6s] READY
>>> wmode 2
[    21.7s] OK weight staging gdma
[    21.7s] READY
>>> test
[    23.3s] SELFTEST dual-core, 8-bit activations: golden sentence 0 vs host C engine: 137400 samples (host 137400), fnv32 6526d0a0 (host 6526d0a0) -> PASS
[    23.3s] TIMING selftest(no playback): 84 tokens, style 0, 5.72 s audio | first chunk 76.4 ms (begin 0.3 ms; incremental text side, 8 tokens final at first chunk) | compute 1592.9 ms, RTF 0.278 | underruns 0 (start delay 0 ms) | weight staging gdma: 2946 GEMM calls, 0 announced ahead, 2946 not
[    23.3s] MEM selftest(no playback): peak PSRAM used 6492 / 8192 KB, peak internal SRAM used 340 / 384 KB
[    26.8s] PCMEND 137400
PCM COMPARE vs host C engine: firmware 137400 samples (reported 137400), host 137400, differing samples 0 -> BIT-IDENTICAL
[    29.3s] SELFTEST single-core, 8-bit activations: golden sentence 0 vs host C engine: 137400 samples (host 137400), fnv32 6526d0a0 (host 6526d0a0) -> PASS
[    31.7s] SELFTEST dual-core, 16-bit activations: golden sentence 0 vs host C engine: 137400 samples (host 137400), fnv32 cd1641d1 (host cd1641d1) -> PASS
[    31.7s] TIMING selftest(no playback): 84 tokens, style 0, 5.72 s audio | first chunk 104.0 ms (begin 0.3 ms; incremental text side, 8 tokens final at first chunk) | compute 2380.8 ms, RTF 0.416 | underruns 0 (start delay 0 ms) | weight staging gdma: 4214 GEMM calls, 0 announced ahead, 4214 not
[    31.7s] MEM selftest(no playback): peak PSRAM used 6492 / 8192 KB, peak internal SRAM used 340 / 384 KB
[    31.7s] READY
>>> wmode 1
[    31.7s] OK weight staging copy
[    31.7s] READY
>>> test
[    33.3s] SELFTEST dual-core, 8-bit activations: golden sentence 0 vs host C engine: 137400 samples (host 137400), fnv32 6526d0a0 (host 6526d0a0) -> PASS
[    33.3s] TIMING selftest(no playback): 84 tokens, style 0, 5.72 s audio | first chunk 75.5 ms (begin 0.3 ms; incremental text side, 8 tokens final at first chunk) | compute 1572.7 ms, RTF 0.275 | underruns 0 (start delay 0 ms) | weight staging copy: 2946 GEMM calls, 0 announced ahead, 0 not
[    33.3s] MEM selftest(no playback): peak PSRAM used 6492 / 8192 KB, peak internal SRAM used 340 / 384 KB
[    36.9s] PCMEND 137400
PCM COMPARE vs host C engine: firmware 137400 samples (reported 137400), host 137400, differing samples 0 -> BIT-IDENTICAL
[    39.3s] SELFTEST single-core, 8-bit activations: golden sentence 0 vs host C engine: 137400 samples (host 137400), fnv32 6526d0a0 (host 6526d0a0) -> PASS
[    41.7s] SELFTEST dual-core, 16-bit activations: golden sentence 0 vs host C engine: 137400 samples (host 137400), fnv32 cd1641d1 (host cd1641d1) -> PASS
[    41.7s] TIMING selftest(no playback): 84 tokens, style 0, 5.72 s audio | first chunk 101.9 ms (begin 0.3 ms; incremental text side, 8 tokens final at first chunk) | compute 2338.8 ms, RTF 0.409 | underruns 0 (start delay 0 ms) | weight staging copy: 4214 GEMM calls, 0 announced ahead, 0 not
[    41.7s] MEM selftest(no playback): peak PSRAM used 6492 / 8192 KB, peak internal SRAM used 340 / 384 KB
[    41.7s] READY
>>> wmode 0
[    41.7s] OK weight staging direct
[    41.7s] READY
>>> test
[    43.3s] SELFTEST dual-core, 8-bit activations: golden sentence 0 vs host C engine: 137400 samples (host 137400), fnv32 6526d0a0 (host 6526d0a0) -> PASS
[    43.3s] TIMING selftest(no playback): 84 tokens, style 0, 5.72 s audio | first chunk 76.2 ms (begin 0.4 ms; incremental text side, 8 tokens final at first chunk) | compute 1593.4 ms, RTF 0.278 | underruns 0 (start delay 0 ms) | weight staging direct: 2946 GEMM calls, 0 announced ahead, 0 not
[    43.3s] MEM selftest(no playback): peak PSRAM used 6492 / 8192 KB, peak internal SRAM used 340 / 384 KB
[    46.9s] PCMEND 137400
PCM COMPARE vs host C engine: firmware 137400 samples (reported 137400), host 137400, differing samples 0 -> BIT-IDENTICAL
[    49.3s] SELFTEST single-core, 8-bit activations: golden sentence 0 vs host C engine: 137400 samples (host 137400), fnv32 6526d0a0 (host 6526d0a0) -> PASS
[    51.7s] SELFTEST dual-core, 16-bit activations: golden sentence 0 vs host C engine: 137400 samples (host 137400), fnv32 cd1641d1 (host cd1641d1) -> PASS
[    51.7s] TIMING selftest(no playback): 84 tokens, style 0, 5.72 s audio | first chunk 103.0 ms (begin 0.3 ms; incremental text side, 8 tokens final at first chunk) | compute 2381.7 ms, RTF 0.416 | underruns 0 (start delay 0 ms) | weight staging direct: 4214 GEMM calls, 0 announced ahead, 0 not
[    51.7s] MEM selftest(no playback): peak PSRAM used 6492 / 8192 KB, peak internal SRAM used 340 / 384 KB
[    51.7s] READY
>>> wmode 3
[    51.7s] OK weight staging gdma+prefetch
[    51.7s] READY
>>> demo 1
[    51.7s] SAY demo 1: "LJ018-0098: ænd ɹˈɛkəɡnˌaɪzd æz wˈʌn ʌvðə fɹˈiːkwɛntɚz ʌvðə bˈoʊɡəs lˈɔː stˈeɪʃənɚz . hɪz ɚɹˈɛst lˈɛd tə ðæt ʌv ˈʌðɚz ."
[    53.7s] TIMING demo: 108 tokens, style 0, 7.26 s audio | first chunk 76.8 ms (begin 0.3 ms; incremental text side, 8 tokens final at first chunk) | compute 2022.6 ms, RTF 0.278 | underruns 26 (start delay 0 ms) | weight staging gdma+prefetch: 3700 GEMM calls, 3700 announced ahead, 0 not
[    53.7s] MEM demo: peak PSRAM used 6492 / 8192 KB, peak internal SRAM used 340 / 384 KB
[    53.7s] READY
CLIENT DONE
