[     0.0s] ESP-ROM:esp32s3-20210327
[     0.0s] Build:Mar 27 2021
[     0.0s] rst:0x1 (POWERON),boot:0x4 (SPI_FLASH_BOOT)
[     0.0s] SPIWP:0xee
[     0.0s] mode:DIO, clock div:1
[     0.0s] load:0x3fce2820,len:0xd64
[     0.0s] load:0x403c8700,len:0xb14
[     0.1s] load:0x403cb700,len:0x2cac
[     0.1s] entry 0x403c8894
[     0.2s] W (191) rtcinit: o_code calibration fail
[     0.2s] 
[     0.2s] I (101) esp_psram: Found 8MB PSRAM device
[     0.2s] I (101) esp_psram: Speed: 80MHz
[     0.2s] I (101) cpu_start: Multicore app
[     0.2s] I (111) cpu_start: Pro cpu start user code
[     0.2s] I (111) cpu_start: cpu freq: 240000000 Hz
[     0.2s] I (112) app_init: Application information:
[     0.2s] I (112) app_init: Project name:     itofs
[     0.2s] I (112) app_init: App version:      ito-3.0.0
[     0.2s] I (112) app_init: Compile time:     Oct  5 2026 17:13:36
[     0.2s] I (112) app_init: ELF file SHA256:  01613b4ef...
[     0.2s] I (112) app_init: ESP-IDF:          v5.5.1
[     0.2s] I (112) efuse_init: Min chip rev:     v0.0
[     0.2s] I (112) efuse_init: Max chip rev:     v0.99 
[     0.2s] I (112) efuse_init: Chip rev:         v0.3
[     0.2s] I (112) heap_init: Initializing. RAM available for dynamic allocation:
[     0.2s] I (112) heap_init: At 3FC99EA0 len 0004F870 (318 KiB): RAM
[     0.2s] I (112) heap_init: At 3FCE9710 len 00005724 (21 KiB): RAM
[     0.2s] I (112) heap_init: At 600FE000 len 00001FE8 (7 KiB): RTCRAM
[     0.2s] I (112) esp_psram: Adding pool of 8192K of PSRAM memory to heap allocator
[     0.3s] I (113) spi_flash: detected chip: issi
[     0.3s] I (113) spi_flash: flash io: dio
[     0.3s] I (114) sleep_gpio: Configure to isolate all GPIO pins in sleep state
[     0.3s] I (114) sleep_gpio: Enable automatic switching of GPIO sleep configuration
[     0.3s] I (114) main_task: Started on CPU0
[     0.3s] I (118) esp_psram: Reserving pool of 32K of internal memory for DMA/internal allocations
[     0.3s] I (118) main_task: Calling app_main()
[     0.3s] 
[     0.3s] ==== ItoFS TTS on ESP32-S3 ====
[     0.3s] weight sets in flash: 0 'weights' present; 1 'weights_b' present; 2 'weights_c' present;
[     0.3s] QEMU build: I2S disabled (audio is generated and discarded)
[     0.3s] internal SRAM before the hot arena: largest free block 264 KB, free 326 KB
[     0.3s] arena: hot 210764 bytes in internal SRAM, bulk 1312272 bytes in PSRAM; chunk 24 frames = 7200 samples; 8-bit activations
[     0.3s] kernels: int4 unpack by the PIE kernel (PIE kernel reproduces the C unpack on 7168 groups, every (m, zp))
[     0.3s] kernels: PIE int8 dot (esp-nn), dual core; staging tiles ok (4096 B x 2 per core in internal SRAM); GDMA EMULATED in software (QEMU)
[     0.3s] MEM boot: peak PSRAM used 5092 / 8192 KB, peak internal SRAM used 285 / 379 KB
[     0.7s] weights: set 0 ('weights'): 3806628 bytes copied flash -> PSRAM in 366 ms
[     0.8s] model: arch 3 (ItoFS v3: mel front + mel vocoder), 2365104 int8 + 0 int4 + 543936 int16 + 84134 f32 params, text 128, GRU 96 forward (incremental text side), prosody 96, mel head 176 x4 -> 100, decoder 192/576 x5, n_fft 1200, hop 300 (80 fps), 24000 Hz, 1 styles, style table, blob format 1
[     0.8s] I (634) main_task: Returned from app_main()
[     3.7s] SELFTEST dual-core, 8-bit activations: golden sentence 0 vs host C engine: 134100 samples (host 134100), fnv32 023bd6b1 (host 023bd6b1) -> PASS
[     3.7s] TIMING selftest(no playback): 84 tokens, style 0, 5.59 s audio | first chunk 786.1 ms (begin 2.5 ms; incremental text side, 8 tokens final at first chunk) | compute 2966.0 ms, RTF 0.531 | underruns 0 (start delay planned -1 ms) | weight set 0 | weight staging direct: 2911 GEMM calls, 0 announced ahead, 0 not
[     3.7s] MEM selftest(no playback): peak PSRAM used 5372 / 8192 KB, peak internal SRAM used 320 / 379 KB
[     7.2s] PCMEND 134100
PCM COMPARE vs host C engine: firmware 134100 samples (reported 134100), host 134100, differing samples 0 -> BIT-IDENTICAL
[     8.5s] CALIB set 0 ('weights', vocoder 192/576 x5, int8): 84 tokens, 21 chunks | first chunk 67.0 ms (begin 0.3 ms) | steady chunk 65.1 ms of 300 ms audio: RTF steady 0.217, whole 0.238 -> measured RTF 0.238 | weight staging direct
[     8.5s] TIER_SELECT chosen=0 ('weights', vocoder 192/576 x5, int8) measured_rtf=0.238 target=0.85 status=OK degraded=0 | measured: set0 0.238 set1 not needed set2 not needed
[     8.5s] SAY demo 0: "LJ009-0076: wiː kˈʌm tə ðə sˈɜːmən ."
[     9.0s] TIMING demo: 25 tokens, style 0, 2.09 s audio | first chunk 63.6 ms (begin 0.3 ms; incremental text side, 8 tokens final at first chunk) | compute 485.3 ms, RTF 0.232 | underruns 10 (start delay planned 64 ms) | weight set 0 | weight staging direct: 1164 GEMM calls, 0 announced ahead, 0 not
[     9.0s] MEM demo: peak PSRAM used 5372 / 8192 KB, peak internal SRAM used 320 / 379 KB
[     9.0s] SAY demo 1: "LJ018-0098: ænd ɹˈɛkəɡnˌaɪzd æz wˈʌn ʌvðə fɹˈiːkwɛntɚz ʌvðə bˈoʊɡəs lˈɔː stˈeɪʃənɚz . hɪz ɚɹˈɛst lˈɛd tə ðæt ʌv ˈʌðɚz ."
[    10.9s] TIMING demo: 108 tokens, style 0, 7.17 s audio | first chunk 68.2 ms (begin 0.3 ms; incremental text side, 8 tokens final at first chunk) | compute 1927.4 ms, RTF 0.269 | underruns 26 (start delay planned 68 ms) | weight set 0 | weight staging direct: 3667 GEMM calls, 0 announced ahead, 0 not
[    10.9s] MEM demo: peak PSRAM used 5372 / 8192 KB, peak internal SRAM used 320 / 379 KB
[    10.9s] SAY demo 2: "LJ004-0152: ɔːlðˈoʊ æt mˈɪstɚ . bˈʌkstənz vˈɪzɪt ɐ nˈuː dʒˈeɪl wʌz ɪn pɹˈɑːsɛs ʌv ɪɹˈɛkʃən , ðə fˈɜːst stˈɛp təwˈɔːɹdz ɹᵻfˈɔːɹm sˈɪns hˈaʊɚdz vˌɪzɪtˈeɪʃən ɪn sˈɛvəntˌiːn sˈɛvənti fˈoːɹ ."
[    13.4s] TIMING demo: 175 tokens, style 0, 10.46 s audio | first chunk 67.4 ms (begin 0.3 ms; incremental text side, 8 tokens final at first chunk) | compute 2499.3 ms, RTF 0.239 | underruns 37 (start delay planned 67 ms) | weight set 0 | weight staging direct: 5284 GEMM calls, 0 announced ahead, 0 not
[    13.4s] MEM demo: peak PSRAM used 5372 / 8192 KB, peak internal SRAM used 320 / 379 KB
[    13.4s] READY (BOOT button = demos, serial: say <ids> | style <k> | demo [k] | test | stats | tier [k] | status | help)
>>> simtime 0.9 0.8 0.7
[    13.5s] OK simulated timing on: set RTFs 0.900 0.800 0.700 (the next recal uses them instead of the clock)
[    13.5s] READY
>>> recal
[    14.8s] CALIB set 0 ('weights', vocoder 192/576 x5, int8) [SIMULATED TIMES]: 84 tokens, 21 chunks | first chunk 167.6 ms (begin 6.0 ms) | steady chunk 270.0 ms of 300 ms audio: RTF steady 0.900, whole 0.940 -> measured RTF 0.940 | weight staging direct
[    15.1s] weights: set 1 ('weights_b'): 3196068 bytes copied flash -> PSRAM in 312 ms
[    15.2s] model: arch 3 (ItoFS v3: mel front + mel vocoder), 891312 int8 + 1473792 int4 + 543936 int16 + 84134 f32 params, text 128, GRU 96 forward (incremental text side), prosody 96, mel head 176 x4 -> 100, decoder 192/576 x5, n_fft 1200, hop 300 (80 fps), 24000 Hz, 1 styles, style table, blob format 2
[    16.6s] CALIB set 1 ('weights_b', vocoder 192/576 x5, int4 blocks) [SIMULATED TIMES]: 84 tokens, 21 chunks | first chunk 149.0 ms (begin 6.0 ms) | steady chunk 240.0 ms of 300 ms audio: RTF steady 0.800, whole 0.836 -> measured RTF 0.836 | weight staging direct
[    17.9s] SELFTEST dual-core, 8-bit activations: golden sentence 0 vs host C engine: 134100 samples (host 134100), fnv32 363d7d98 (host 363d7d98) -> PASS
[    17.9s] TIMING selftest(no playback): 84 tokens, style 0, 5.59 s audio | first chunk 68.7 ms (begin 0.3 ms; incremental text side, 8 tokens final at first chunk) | compute 1359.7 ms, RTF 0.243 | underruns 0 (start delay planned -1 ms) | weight set 1 | weight staging direct: 2911 GEMM calls, 0 announced ahead, 0 not
[    17.9s] MEM selftest(no playback): peak PSRAM used 5372 / 8192 KB, peak internal SRAM used 320 / 379 KB
[    21.4s] PCMEND 134100
PCM COMPARE vs host C engine: firmware 134100 samples (reported 134100), host 134100, differing samples 0 -> BIT-IDENTICAL
[    21.4s] TIER_SELECT chosen=1 ('weights_b', vocoder 192/576 x5, int4 blocks) measured_rtf=0.836 target=0.85 status=OK degraded=0 (SIMULATED TIMES) | measured: set0 0.940 set1 0.836 set2 not needed
[    21.4s] READY
>>> test
[    22.8s] SELFTEST dual-core, 8-bit activations: golden sentence 0 vs host C engine: 134100 samples (host 134100), fnv32 363d7d98 (host 363d7d98) -> PASS
[    22.8s] TIMING selftest(no playback): 84 tokens, style 0, 5.59 s audio | first chunk 68.8 ms (begin 0.3 ms; incremental text side, 8 tokens final at first chunk) | compute 1358.6 ms, RTF 0.243 | underruns 0 (start delay planned -1 ms) | weight set 1 | weight staging direct: 2911 GEMM calls, 0 announced ahead, 0 not
[    22.8s] MEM selftest(no playback): peak PSRAM used 5372 / 8192 KB, peak internal SRAM used 320 / 379 KB
[    26.2s] PCMEND 134100
PCM COMPARE vs host C engine: firmware 134100 samples (reported 134100), host 134100, differing samples 0 -> BIT-IDENTICAL
[    28.3s] SELFTEST single-core, 8-bit activations: golden sentence 0 vs host C engine: 134100 samples (host 134100), fnv32 363d7d98 (host 363d7d98) -> PASS
[    30.3s] SELFTEST dual-core, 16-bit activations: golden sentence 0 vs host C engine: 134100 samples (host 134100), fnv32 a8c2df73 (host a8c2df73) -> PASS
[    30.3s] TIMING selftest(no playback): 84 tokens, style 0, 5.59 s audio | first chunk 91.7 ms (begin 0.2 ms; incremental text side, 8 tokens final at first chunk) | compute 1988.8 ms, RTF 0.356 | underruns 0 (start delay planned -1 ms) | weight set 1 | weight staging direct: 4145 GEMM calls, 0 announced ahead, 0 not
[    30.3s] MEM selftest(no playback): peak PSRAM used 5372 / 8192 KB, peak internal SRAM used 320 / 379 KB
[    30.3s] READY
>>> simtime 0.95 0.92 0.9
[    30.3s] OK simulated timing on: set RTFs 0.950 0.920 0.900 (the next recal uses them instead of the clock)
[    30.3s] READY
>>> recal
[    30.7s] weights: set 0 ('weights'): 3806628 bytes copied flash -> PSRAM in 362 ms
[    30.7s] model: arch 3 (ItoFS v3: mel front + mel vocoder), 2365104 int8 + 0 int4 + 543936 int16 + 84134 f32 params, text 128, GRU 96 forward (incremental text side), prosody 96, mel head 176 x4 -> 100, decoder 192/576 x5, n_fft 1200, hop 300 (80 fps), 24000 Hz, 1 styles, style table, blob format 1
[    32.1s] CALIB set 0 ('weights', vocoder 192/576 x5, int8) [SIMULATED TIMES]: 84 tokens, 21 chunks | first chunk 176.9 ms (begin 6.0 ms) | steady chunk 285.0 ms of 300 ms audio: RTF steady 0.950, whole 0.992 -> measured RTF 0.992 | weight staging direct
[    32.4s] weights: set 1 ('weights_b'): 3196068 bytes copied flash -> PSRAM in 304 ms
[    32.4s] model: arch 3 (ItoFS v3: mel front + mel vocoder), 891312 int8 + 1473792 int4 + 543936 int16 + 84134 f32 params, text 128, GRU 96 forward (incremental text side), prosody 96, mel head 176 x4 -> 100, decoder 192/576 x5, n_fft 1200, hop 300 (80 fps), 24000 Hz, 1 styles, style table, blob format 2
[    33.8s] CALIB set 1 ('weights_b', vocoder 192/576 x5, int4 blocks) [SIMULATED TIMES]: 84 tokens, 21 chunks | first chunk 171.3 ms (begin 6.0 ms) | steady chunk 276.0 ms of 300 ms audio: RTF steady 0.920, whole 0.961 -> measured RTF 0.961 | weight staging direct
[    34.1s] weights: set 2 ('weights_c'): 3054628 bytes copied flash -> PSRAM in 291 ms
[    34.2s] model: arch 3 (ItoFS v3: mel front + mel vocoder), 891312 int8 + 1252608 int4 + 543936 int16 + 80486 f32 params, text 128, GRU 96 forward (incremental text side), prosody 96, mel head 176 x4 -> 100, decoder 192/576 x4, n_fft 1200, hop 300 (80 fps), 24000 Hz, 1 styles, style table, blob format 2
[    35.4s] CALIB set 2 ('weights_c', vocoder 192/576 x4, int4 blocks) [SIMULATED TIMES]: 84 tokens, 21 chunks | first chunk 167.6 ms (begin 6.0 ms) | steady chunk 270.0 ms of 300 ms audio: RTF steady 0.900, whole 0.940 -> measured RTF 0.940 | weight staging direct
[    36.7s] SELFTEST dual-core, 8-bit activations: golden sentence 0 vs host C engine: 134100 samples (host 134100), fnv32 5f12d5e1 (host 5f12d5e1) -> PASS
[    36.7s] TIMING selftest(no playback): 84 tokens, style 0, 5.59 s audio | first chunk 64.0 ms (begin 0.2 ms; incremental text side, 8 tokens final at first chunk) | compute 1293.2 ms, RTF 0.231 | underruns 0 (start delay planned -1 ms) | weight set 2 | weight staging direct: 2825 GEMM calls, 0 announced ahead, 0 not
[    36.7s] MEM selftest(no playback): peak PSRAM used 5372 / 8192 KB, peak internal SRAM used 320 / 379 KB
[    40.2s] PCMEND 134100
PCM COMPARE vs host C engine: firmware 134100 samples (reported 134100), host 134100, differing samples 0 -> BIT-IDENTICAL
[    40.2s] TIER_SELECT chosen=2 ('weights_c', vocoder 192/576 x4, int4 blocks) measured_rtf=0.940 target=0.85 status=MARGINAL degraded=0 (SIMULATED TIMES) | measured: set0 0.992 set1 0.961 set2 0.940
[    40.2s] NOTE: no weight set reaches RTF 0.85; the best (set 2) measures 0.940. Speech is planned with a start delay (gapless if the measurement holds), but there is little margin.
[    40.2s] READY
>>> simtime 1.1 1.05 0.97
[    40.2s] OK simulated timing on: set RTFs 1.100 1.050 0.970 (the next recal uses them instead of the clock)
[    40.2s] READY
>>> recal
[    40.6s] weights: set 0 ('weights'): 3806628 bytes copied flash -> PSRAM in 364 ms
[    40.7s] model: arch 3 (ItoFS v3: mel front + mel vocoder), 2365104 int8 + 0 int4 + 543936 int16 + 84134 f32 params, text 128, GRU 96 forward (incremental text side), prosody 96, mel head 176 x4 -> 100, decoder 192/576 x5, n_fft 1200, hop 300 (80 fps), 24000 Hz, 1 styles, style table, blob format 1
[    42.0s] CALIB set 0 ('weights', vocoder 192/576 x5, int8) [SIMULATED TIMES]: 84 tokens, 21 chunks | first chunk 204.9 ms (begin 6.0 ms) | steady chunk 330.0 ms of 300 ms audio: RTF steady 1.100, whole 1.149 -> measured RTF 1.149 | weight staging direct
[    42.3s] weights: set 1 ('weights_b'): 3196068 bytes copied flash -> PSRAM in 303 ms
[    42.4s] model: arch 3 (ItoFS v3: mel front + mel vocoder), 891312 int8 + 1473792 int4 + 543936 int16 + 84134 f32 params, text 128, GRU 96 forward (incremental text side), prosody 96, mel head 176 x4 -> 100, decoder 192/576 x5, n_fft 1200, hop 300 (80 fps), 24000 Hz, 1 styles, style table, blob format 2
[    43.8s] CALIB set 1 ('weights_b', vocoder 192/576 x5, int4 blocks) [SIMULATED TIMES]: 84 tokens, 21 chunks | first chunk 195.6 ms (begin 6.0 ms) | steady chunk 315.0 ms of 300 ms audio: RTF steady 1.050, whole 1.097 -> measured RTF 1.097 | weight staging direct
[    44.0s] weights: set 2 ('weights_c'): 3054628 bytes copied flash -> PSRAM in 289 ms
[    44.1s] model: arch 3 (ItoFS v3: mel front + mel vocoder), 891312 int8 + 1252608 int4 + 543936 int16 + 80486 f32 params, text 128, GRU 96 forward (incremental text side), prosody 96, mel head 176 x4 -> 100, decoder 192/576 x4, n_fft 1200, hop 300 (80 fps), 24000 Hz, 1 styles, style table, blob format 2
[    45.4s] CALIB set 2 ('weights_c', vocoder 192/576 x4, int4 blocks) [SIMULATED TIMES]: 84 tokens, 21 chunks | first chunk 180.7 ms (begin 6.0 ms) | steady chunk 291.0 ms of 300 ms audio: RTF steady 0.970, whole 1.013 -> measured RTF 1.013 | weight staging direct
[    46.7s] SELFTEST dual-core, 8-bit activations: golden sentence 0 vs host C engine: 134100 samples (host 134100), fnv32 5f12d5e1 (host 5f12d5e1) -> PASS
[    46.7s] TIMING selftest(no playback): 84 tokens, style 0, 5.59 s audio | first chunk 64.2 ms (begin 0.3 ms; incremental text side, 8 tokens final at first chunk) | compute 1283.9 ms, RTF 0.230 | underruns 0 (start delay planned -1 ms) | weight set 2 | weight staging direct: 2825 GEMM calls, 0 announced ahead, 0 not
[    46.7s] MEM selftest(no playback): peak PSRAM used 5372 / 8192 KB, peak internal SRAM used 320 / 379 KB
[    50.1s] PCMEND 134100
PCM COMPARE vs host C engine: firmware 134100 samples (reported 134100), host 134100, differing samples 0 -> BIT-IDENTICAL
[    50.1s] TIER_SELECT chosen=2 ('weights_c', vocoder 192/576 x4, int4 blocks) measured_rtf=1.013 target=0.85 status=DEGRADED degraded=1 (SIMULATED TIMES) | measured: set0 1.149 set1 1.097 set2 1.013
[    50.1s] WARNING: DEGRADED: even the fastest weight set runs at RTF 1.013 (>= 0.95). Speech may stutter or fall behind on long sentences; the start delay grows with the sentence (capped at 4 s). The firmware exposes this as degraded=1 in TIER_SELECT and `status`.
[    50.1s] READY
>>> status
[    50.2s] STATUS active_set=2 selected_set=2 degraded=1 status=DEGRADED start_delay=planned SIMULATED_TIMES | set0 ('weights'): 3806628 bytes, measured RTF 1.149 | set1 ('weights_b'): 3196068 bytes, measured RTF 1.097 | set2 ('weights_c'): 3054628 bytes, measured RTF 1.013
[    50.2s] READY
>>> tier 0
[    50.6s] weights: set 0 ('weights'): 3806628 bytes copied flash -> PSRAM in 367 ms
[    50.6s] model: arch 3 (ItoFS v3: mel front + mel vocoder), 2365104 int8 + 0 int4 + 543936 int16 + 84134 f32 params, text 128, GRU 96 forward (incremental text side), prosody 96, mel head 176 x4 -> 100, decoder 192/576 x5, n_fft 1200, hop 300 (80 fps), 24000 Hz, 1 styles, style table, blob format 1
[    50.6s] OK weight set 0 active
[    52.0s] SELFTEST dual-core, 8-bit activations: golden sentence 0 vs host C engine: 134100 samples (host 134100), fnv32 023bd6b1 (host 023bd6b1) -> PASS
[    52.0s] TIMING selftest(no playback): 84 tokens, style 0, 5.59 s audio | first chunk 69.5 ms (begin 0.3 ms; incremental text side, 8 tokens final at first chunk) | compute 1340.7 ms, RTF 0.240 | underruns 0 (start delay planned -1 ms) | weight set 0 | weight staging direct: 2911 GEMM calls, 0 announced ahead, 0 not
[    52.0s] MEM selftest(no playback): peak PSRAM used 5372 / 8192 KB, peak internal SRAM used 320 / 379 KB
[    55.5s] PCMEND 134100
PCM COMPARE vs host C engine: firmware 134100 samples (reported 134100), host 134100, differing samples 0 -> BIT-IDENTICAL
[    55.5s] READY
>>> tier 1
[    55.8s] weights: set 1 ('weights_b'): 3196068 bytes copied flash -> PSRAM in 312 ms
[    55.9s] model: arch 3 (ItoFS v3: mel front + mel vocoder), 891312 int8 + 1473792 int4 + 543936 int16 + 84134 f32 params, text 128, GRU 96 forward (incremental text side), prosody 96, mel head 176 x4 -> 100, decoder 192/576 x5, n_fft 1200, hop 300 (80 fps), 24000 Hz, 1 styles, style table, blob format 2
[    55.9s] OK weight set 1 active
[    57.3s] SELFTEST dual-core, 8-bit activations: golden sentence 0 vs host C engine: 134100 samples (host 134100), fnv32 363d7d98 (host 363d7d98) -> PASS
[    57.3s] TIMING selftest(no playback): 84 tokens, style 0, 5.59 s audio | first chunk 70.3 ms (begin 0.3 ms; incremental text side, 8 tokens final at first chunk) | compute 1421.5 ms, RTF 0.254 | underruns 0 (start delay planned -1 ms) | weight set 1 | weight staging direct: 2911 GEMM calls, 0 announced ahead, 0 not
[    57.3s] MEM selftest(no playback): peak PSRAM used 5372 / 8192 KB, peak internal SRAM used 320 / 379 KB
[    60.9s] PCMEND 134100
PCM COMPARE vs host C engine: firmware 134100 samples (reported 134100), host 134100, differing samples 0 -> BIT-IDENTICAL
[    60.9s] READY
>>> tier 2
[    61.2s] weights: set 2 ('weights_c'): 3054628 bytes copied flash -> PSRAM in 296 ms
[    61.2s] model: arch 3 (ItoFS v3: mel front + mel vocoder), 891312 int8 + 1252608 int4 + 543936 int16 + 80486 f32 params, text 128, GRU 96 forward (incremental text side), prosody 96, mel head 176 x4 -> 100, decoder 192/576 x4, n_fft 1200, hop 300 (80 fps), 24000 Hz, 1 styles, style table, blob format 2
[    61.2s] OK weight set 2 active
[    62.5s] SELFTEST dual-core, 8-bit activations: golden sentence 0 vs host C engine: 134100 samples (host 134100), fnv32 5f12d5e1 (host 5f12d5e1) -> PASS
[    62.5s] TIMING selftest(no playback): 84 tokens, style 0, 5.59 s audio | first chunk 64.8 ms (begin 0.3 ms; incremental text side, 8 tokens final at first chunk) | compute 1301.5 ms, RTF 0.233 | underruns 0 (start delay planned -1 ms) | weight set 2 | weight staging direct: 2825 GEMM calls, 0 announced ahead, 0 not
[    62.6s] MEM selftest(no playback): peak PSRAM used 5372 / 8192 KB, peak internal SRAM used 320 / 379 KB
[    66.1s] PCMEND 134100
PCM COMPARE vs host C engine: firmware 134100 samples (reported 134100), host 134100, differing samples 0 -> BIT-IDENTICAL
[    66.1s] READY
>>> simtime off
[    66.1s] OK simulated timing off (the next recal measures)
[    66.1s] READY
>>> recal
[    66.5s] weights: set 0 ('weights'): 3806628 bytes copied flash -> PSRAM in 363 ms
[    66.6s] model: arch 3 (ItoFS v3: mel front + mel vocoder), 2365104 int8 + 0 int4 + 543936 int16 + 84134 f32 params, text 128, GRU 96 forward (incremental text side), prosody 96, mel head 176 x4 -> 100, decoder 192/576 x5, n_fft 1200, hop 300 (80 fps), 24000 Hz, 1 styles, style table, blob format 1
[    67.9s] CALIB set 0 ('weights', vocoder 192/576 x5, int8): 84 tokens, 21 chunks | first chunk 67.5 ms (begin 0.3 ms) | steady chunk 65.6 ms of 300 ms audio: RTF steady 0.219, whole 0.243 -> measured RTF 0.243 | weight staging direct
[    69.4s] SELFTEST dual-core, 8-bit activations: golden sentence 0 vs host C engine: 134100 samples (host 134100), fnv32 023bd6b1 (host 023bd6b1) -> PASS
[    69.4s] TIMING selftest(no playback): 84 tokens, style 0, 5.59 s audio | first chunk 67.1 ms (begin 0.3 ms; incremental text side, 8 tokens final at first chunk) | compute 1428.1 ms, RTF 0.256 | underruns 0 (start delay planned -1 ms) | weight set 0 | weight staging direct: 2911 GEMM calls, 0 announced ahead, 0 not
[    69.4s] MEM selftest(no playback): peak PSRAM used 5372 / 8192 KB, peak internal SRAM used 320 / 379 KB
[    72.9s] PCMEND 134100
PCM COMPARE vs host C engine: firmware 134100 samples (reported 134100), host 134100, differing samples 0 -> BIT-IDENTICAL
[    72.9s] TIER_SELECT chosen=0 ('weights', vocoder 192/576 x5, int8) measured_rtf=0.243 target=0.85 status=OK degraded=0 | measured: set0 0.243 set1 not needed set2 not needed
[    72.9s] READY
>>> status
[    72.9s] STATUS active_set=0 selected_set=0 degraded=0 status=OK start_delay=planned | set0 ('weights'): 3806628 bytes, measured RTF 0.243 | set1 ('weights_b'): 3196068 bytes, not measured | set2 ('weights_c'): 3054628 bytes, not measured
[    72.9s] READY
>>> say 0,50,83,54,156,57,135,16,5,16,81,102,61,16,102,68,16,156
[    73.0s] OK 56 tokens queued
[    74.0s] TIMING say: 56 tokens, style 0, 4.11 s audio | first chunk 68.5 ms (begin 0.3 ms; incremental text side, 8 tokens final at first chunk) | compute 1055.1 ms, RTF 0.257 | underruns 15 (start delay planned 69 ms) | weight set 0 | weight staging direct: 2162 GEMM calls, 0 announced ahead, 0 not
[    74.0s] MEM say: peak PSRAM used 5372 / 8192 KB, peak internal SRAM used 320 / 379 KB
[    74.0s] READY
CLIENT DONE
