[     0.0s] ESP-ROM:esp32s3-20210327
[     0.0s] Build:Mar 27 2021
[     0.0s] rst:0x1 (POWERON),boot:0x4 (SPI_FLASH_BOOT)
[     0.0s] SPIWP:0xee
[     0.0s] mode:DIO, clock div:1
[     0.0s] load:0x3fce2820,len:0xd64
[     0.0s] load:0x403c8700,len:0xb14
[     0.0s] load:0x403cb700,len:0x2cac
[     0.0s] entry 0x403c8894
[     0.1s] W (102) rtcinit: o_code calibration fail
[     0.1s] 
[     0.1s] I (56) esp_psram: Found 8MB PSRAM device
[     0.1s] I (56) esp_psram: Speed: 80MHz
[     0.1s] I (57) cpu_start: Multicore app
[     0.1s] I (67) cpu_start: Pro cpu start user code
[     0.1s] I (67) cpu_start: cpu freq: 240000000 Hz
[     0.1s] I (67) app_init: Application information:
[     0.1s] I (67) app_init: Project name:     itofs
[     0.1s] I (67) app_init: App version:      ito-3.0.0
[     0.2s] I (67) app_init: Compile time:     Oct  2 2026 10:08:34
[     0.2s] I (67) app_init: ELF file SHA256:  721b27fbf...
[     0.2s] I (67) app_init: ESP-IDF:          v5.5.1
[     0.2s] I (67) efuse_init: Min chip rev:     v0.0
[     0.2s] I (67) efuse_init: Max chip rev:     v0.99 
[     0.2s] I (67) efuse_init: Chip rev:         v0.3
[     0.2s] I (67) heap_init: Initializing. RAM available for dynamic allocation:
[     0.2s] I (67) heap_init: At 3FC99140 len 000505D0 (321 KiB): RAM
[     0.2s] I (67) heap_init: At 3FCE9710 len 00005724 (21 KiB): RAM
[     0.2s] I (67) heap_init: At 600FE000 len 00001FE8 (7 KiB): RTCRAM
[     0.2s] I (68) esp_psram: Adding pool of 8192K of PSRAM memory to heap allocator
[     0.2s] I (69) spi_flash: detected chip: issi
[     0.2s] I (69) spi_flash: flash io: dio
[     0.2s] I (69) sleep_gpio: Configure to isolate all GPIO pins in sleep state
[     0.2s] I (69) sleep_gpio: Enable automatic switching of GPIO sleep configuration
[     0.2s] I (70) main_task: Started on CPU0
[     0.2s] I (73) esp_psram: Reserving pool of 32K of internal memory for DMA/internal allocations
[     0.2s] I (73) main_task: Calling app_main()
[     0.2s] 
[     0.2s] ==== ItoFS TTS on ESP32-S3 ====
[     0.7s] weights: 4892708 bytes copied flash -> PSRAM in 506 ms
[     0.7s] model: arch 3 (ItoFS v3: mel front + mel vocoder), 3424816 int8 + 543936 int16 + 90726 f32 params, text 128, GRU 96 forward (incremental text side), prosody 96, mel head 176 x4 -> 100, decoder 256/768 x5, n_fft 1200, hop 300 (80 fps), 24000 Hz, 1 styles, style table
[     0.7s] QEMU build: I2S disabled (audio is generated and discarded)
[     0.8s] arena: hot 181568 bytes in internal SRAM, bulk 823904 bytes in PSRAM; chunk 8 frames = 2400 samples; 8-bit activations
[     1.0s] kernels: PIE int8 dot (esp-nn), dual core; staging tiles ok (12288 B x 2 per core in internal SRAM); GDMA PSRAM->SRAM unavailable (self-test failed or no channel)
[     1.0s] demos: 3 sentences from the weight blob
[     1.0s] MEM boot: peak PSRAM used 5598 / 8192 KB, peak internal SRAM used 296 / 383 KB
[     1.1s] I (951) main_task: Returned from app_main()
[     6.1s] SELFTEST dual-core, 8-bit activations: golden sentence 0 vs host C engine: 134100 samples (host 134100), fnv32 a7d804ab (host a7d804ab) -> PASS
[     6.1s] TIMING selftest(no playback): 84 tokens, style 0, 5.59 s audio | first chunk 227.9 ms (begin 0.4 ms; incremental text side, 8 tokens final at first chunk) | compute 5056.7 ms, RTF 0.905 | underruns 0
[     6.1s] MEM selftest(no playback): peak PSRAM used 5870 / 8192 KB, peak internal SRAM used 327 / 383 KB
[     9.9s] PCMEND 134100
PCM COMPARE vs host C engine: firmware 134100 samples (reported 134100), host 134100, differing samples 0 -> BIT-IDENTICAL
[     9.9s] SAY demo 0: "LJ009-0076: wiː kˈʌm tə ðə sˈɜːmən ."
[    11.7s] TIMING demo: 25 tokens, style 0, 2.09 s audio | first chunk 216.2 ms (begin 0.4 ms; incremental text side, 8 tokens final at first chunk) | compute 1856.3 ms, RTF 0.889 | underruns 21
[    11.7s] MEM demo: peak PSRAM used 5870 / 8192 KB, peak internal SRAM used 327 / 383 KB
[    11.7s] SAY demo 1: "LJ018-0098: ænd ɹˈɛkəɡnˌaɪzd æz wˈʌn ʌvðə fɹˈiːkwɛntɚz ʌvðə bˈoʊɡəs lˈɔː stˈeɪʃənɚz . hɪz ɚɹˈɛst lˈɛd tə ðæt ʌv ˈʌðɚz ."
[    18.2s] TIMING demo: 108 tokens, style 0, 7.17 s audio | first chunk 214.3 ms (begin 0.0 ms; incremental text side, 8 tokens final at first chunk) | compute 6443.0 ms, RTF 0.898 | underruns 71
[    18.2s] MEM demo: peak PSRAM used 5870 / 8192 KB, peak internal SRAM used 327 / 383 KB
[    18.2s] SAY demo 2: "LJ004-0152: ɔːlðˈoʊ æt mˈɪstɚ . bˈʌkstənz vˈɪzɪt ɐ nˈuː dʒˈeɪl wʌz ɪn pɹˈɑːsɛs ʌv ɪɹˈɛkʃən , ðə fˈɜːst stˈɛp təwˈɔːɹdz ɹᵻfˈɔːɹm sˈɪns hˈaʊɚdz vˌɪzɪtˈeɪʃən ɪn sˈɛvəntˌiːn sˈɛvənti fˈoːɹ ."
[    27.7s] TIMING demo: 175 tokens, style 0, 10.46 s audio | first chunk 219.8 ms (begin 0.0 ms; incremental text side, 8 tokens final at first chunk) | compute 9558.4 ms, RTF 0.914 | underruns 104
[    27.7s] MEM demo: peak PSRAM used 5870 / 8192 KB, peak internal SRAM used 327 / 383 KB
[    27.7s] READY (BOOT button = demos, serial: say <ids> | style <k> | demo [k] | test | stats | help)
>>> say 0,50,83,54,156,57,135,16,5,16,81,102,61,16,102,68,16,156
[    27.8s] OK 56 tokens queued
[    31.5s] TIMING say: 56 tokens, style 0, 4.11 s audio | first chunk 218.4 ms (begin 0.0 ms; incremental text side, 8 tokens final at first chunk) | compute 3718.4 ms, RTF 0.904 | underruns 42
[    31.5s] MEM say: peak PSRAM used 5870 / 8192 KB, peak internal SRAM used 327 / 383 KB
[    31.5s] READY
>>> act 16
[    31.5s] OK 16-bit activations for the int8-weight layers
[    31.5s] READY
>>> say 0,50,83,54,156,57,135,16,5,16,81,102,61,16,102,68,16,156
[    31.5s] OK 56 tokens queued
[    36.5s] TIMING say: 56 tokens, style 0, 4.11 s audio | first chunk 274.6 ms (begin 0.0 ms; incremental text side, 8 tokens final at first chunk) | compute 5000.2 ms, RTF 1.216 | underruns 41
[    36.5s] MEM say: peak PSRAM used 5870 / 8192 KB, peak internal SRAM used 327 / 383 KB
[    36.5s] READY
>>> act 8
[    36.6s] OK 8-bit activations for the int8-weight layers
[    36.6s] READY
>>> test
[    41.6s] SELFTEST dual-core, 8-bit activations: golden sentence 0 vs host C engine: 134100 samples (host 134100), fnv32 a7d804ab (host a7d804ab) -> PASS
[    41.6s] TIMING selftest(no playback): 84 tokens, style 0, 5.59 s audio | first chunk 216.7 ms (begin 0.0 ms; incremental text side, 8 tokens final at first chunk) | compute 5057.5 ms, RTF 0.905 | underruns 0
[    41.6s] MEM selftest(no playback): peak PSRAM used 5870 / 8192 KB, peak internal SRAM used 327 / 383 KB
[    45.4s] PCMEND 134100
PCM COMPARE vs host C engine: firmware 134100 samples (reported 134100), host 134100, differing samples 0 -> BIT-IDENTICAL
[    51.5s] SELFTEST single-core, 8-bit activations: golden sentence 0 vs host C engine: 134100 samples (host 134100), fnv32 a7d804ab (host a7d804ab) -> PASS
[    58.3s] SELFTEST dual-core, 16-bit activations: golden sentence 0 vs host C engine: 134100 samples (host 134100), fnv32 c6d37a89 (host c6d37a89) -> PASS
[    58.3s] TIMING selftest(no playback): 84 tokens, style 0, 5.59 s audio | first chunk 272.0 ms (begin 0.0 ms; incremental text side, 8 tokens final at first chunk) | compute 6798.8 ms, RTF 1.217 | underruns 0
[    58.3s] MEM selftest(no playback): peak PSRAM used 5870 / 8192 KB, peak internal SRAM used 327 / 383 KB
[    58.3s] READY
>>> wmode 1
[    58.3s] OK weight staging copy
[    58.3s] READY
>>> test
[    63.5s] SELFTEST dual-core, 8-bit activations: golden sentence 0 vs host C engine: 134100 samples (host 134100), fnv32 a7d804ab (host a7d804ab) -> PASS
[    63.5s] TIMING selftest(no playback): 84 tokens, style 0, 5.59 s audio | first chunk 224.0 ms (begin 0.0 ms; incremental text side, 8 tokens final at first chunk) | compute 5205.7 ms, RTF 0.932 | underruns 0
[    63.5s] MEM selftest(no playback): peak PSRAM used 5870 / 8192 KB, peak internal SRAM used 327 / 383 KB
[    67.3s] PCMEND 134100
PCM COMPARE vs host C engine: firmware 134100 samples (reported 134100), host 134100, differing samples 0 -> BIT-IDENTICAL
[    74.1s] SELFTEST single-core, 8-bit activations: golden sentence 0 vs host C engine: 134100 samples (host 134100), fnv32 a7d804ab (host a7d804ab) -> PASS
[    81.1s] SELFTEST dual-core, 16-bit activations: golden sentence 0 vs host C engine: 134100 samples (host 134100), fnv32 c6d37a89 (host c6d37a89) -> PASS
[    81.1s] TIMING selftest(no playback): 84 tokens, style 0, 5.59 s audio | first chunk 283.5 ms (begin 0.0 ms; incremental text side, 8 tokens final at first chunk) | compute 7002.6 ms, RTF 1.253 | underruns 0
[    81.1s] MEM selftest(no playback): peak PSRAM used 5870 / 8192 KB, peak internal SRAM used 327 / 383 KB
[    81.1s] READY
CLIENT DONE
